<html>
<body>
<pre>
<h1>µVision Build Log</h1>
<h2>Tool Versions:</h2>
IDE-Version: µVision V5.26.2.0
Copyright (C) 2018 ARM Ltd and ARM Germany GmbH. All rights reserved.
License Information: Chien Pham, UET, LIC=----
 
Tool Versions:
Toolchain:       MDK-Lite  Version: 5.26.2.0
Toolchain Path:  D:\Keil_v5\ARM\ARMCC\Bin
C Compiler:      Armcc.exe V5.06 update 6 (build 750)
Assembler:       Armasm.exe V5.06 update 6 (build 750)
Linker/Locator:  ArmLink.exe V5.06 update 6 (build 750)
Library Manager: ArmAr.exe V5.06 update 6 (build 750)
Hex Converter:   FromElf.exe V5.06 update 6 (build 750)
CPU DLL:         SARMCM3.DLL V5.26.2.0
Dialog DLL:      DARMSTM.DLL V1.68.0.0
Target DLL:      STLink\ST-LINKIII-KEIL_SWO.dll V3.0.5.0
Dialog DLL:      TCM.DLL V1.36.1.0
 
<h2>Project:</h2>
D:\CodeMDK_ARM\STM32\test\Project_CK\CK.uvprojx
Project File Date:  06/06/2023

<h2>Output:</h2>
*** Using Compiler 'V5.06 update 6 (build 750)', folder: 'D:\Keil_v5\ARM\ARMCC\Bin'
Rebuild target 'Target 1'
compiling gpio_stm32.c...
compiling systick_time.c...
systick_time.h(17): warning:  #1-D: last line of file ends without a newline
  */
systick_time.c: 1 warning, 0 errors
compiling i2c_drive.c...
i2c_drive.c(138): warning:  #1-D: last line of file ends without a newline
  }
i2c_drive.c: 1 warning, 0 errors
compiling PCF8574_drive.c...
PCF8574_drive.h(3): warning:  #1-D: last line of file ends without a newline
  void PCF8574_tx_byte(char i2c, char data);
PCF8574_drive.c: 1 warning, 0 errors
compiling lcd_1602.c...
systick_time.h(17): warning:  #1-D: last line of file ends without a newline
  */
PCF8574_drive.h(3): warning:  #1-D: last line of file ends without a newline
  void PCF8574_tx_byte(char i2c, char data);
lcd_1602.c(109): warning:  #1-D: last line of file ends without a newline
  }
lcd_1602.c: 3 warnings, 0 errors
compiling main.c...
systick_time.h(17): warning:  #1-D: last line of file ends without a newline
  */
PCF8574_drive.h(3): warning:  #1-D: last line of file ends without a newline
  void PCF8574_tx_byte(char i2c, char data);
systick_time.h(17): warning:  #1-D: last line of file ends without a newline
  */
PCF8574_drive.h(3): warning:  #1-D: last line of file ends without a newline
  void PCF8574_tx_byte(char i2c, char data);
systick_time.h(17): warning:  #1-D: last line of file ends without a newline
  */
main.c(12): warning:  #1295-D: Deprecated declaration EXTI1_IRQHandler - give arg types
  void  EXTI1_IRQHandler();
main.c(13): warning:  #1295-D: Deprecated declaration EXTI0_IRQHandler - give arg types
  void EXTI0_IRQHandler();
main.c(14): warning:  #1295-D: Deprecated declaration counterStep - give arg types
  void counterStep();
main.c(103): warning:  #1-D: last line of file ends without a newline
  } 
main.c: 9 warnings, 0 errors
compiling Timer.c...
compiling MPU6050.c...
systick_time.h(17): warning:  #1-D: last line of file ends without a newline
  */
MPU6050.c: 1 warning, 0 errors
assembling startup_stm32f10x_md.s...
compiling misc.c...
compiling system_stm32f10x.c...
linking...
Program Size: Code=7700 RO-data=268 RW-data=40 ZI-data=1632  
".\Objects\CK.axf" - 0 Error(s), 16 Warning(s).

<h2>Software Packages used:</h2>

Package Vendor: ARM
                http://www.keil.com/pack/ARM.CMSIS.5.9.0.pack
                ARM.CMSIS.5.9.0
                CMSIS (Common Microcontroller Software Interface Standard)
   * Component: CORE Version: 5.6.0

Package Vendor: Keil
                http://www.keil.com/pack/Keil.STM32F1xx_DFP.2.4.0.pack
                Keil.STM32F1xx_DFP.2.4.0
                STMicroelectronics STM32F1 Series Device Support, Drivers and Examples
   * Component: Startup Version: 1.0.0
   * Component: Framework Version: 3.6.0

<h2>Collection of Component include folders:</h2>
  .\RTE\Device\STM32F103C8
  .\RTE\_Target_1
  D:\Keil_v5\ARM\PACK\ARM\CMSIS\5.9.0\CMSIS\Core\Include
  D:\Keil_v5\ARM\PACK\Keil\STM32F1xx_DFP\2.4.0\Device\Include
  D:\Keil_v5\ARM\PACK\Keil\STM32F1xx_DFP\2.4.0\Device\StdPeriph_Driver\inc

<h2>Collection of Component Files used:</h2>

   * Component: ARM::CMSIS:CORE:5.6.0

   * Component: Keil::Device:Startup:1.0.0
      Source file:   Device\Source\ARM\startup_stm32f10x_md.s
      Source file:   Device\Source\ARM\STM32F1xx_OPT.s
      Include file:  RTE_Driver\Config\RTE_Device.h
      Source file:   Device\Source\system_stm32f10x.c

   * Component: Keil::Device:StdPeriph Drivers:Framework:3.6.0
      Include file:  Device\StdPeriph_Driver\inc\misc.h
      Source file:   Device\StdPeriph_Driver\templates\stm32f10x_conf.h
      Source file:   Device\StdPeriph_Driver\templates\stm32f10x_it.c
      Source file:   Device\StdPeriph_Driver\src\misc.c
      Include file:  Device\StdPeriph_Driver\templates\stm32f10x_it.h
Build Time Elapsed:  00:00:01
</pre>
</body>
</html>
