Component: ARM Compiler 5.06 update 6 (build 750) Tool: armlink [4d35ed]

==============================================================================

Section Cross References

    main.o(i.EXTI0_IRQHandler) refers to main.o(.data) for signal
    main.o(i.EXTI1_IRQHandler) refers to main.o(.data) for steps
    main.o(i.TIM2_IRQHandler) refers to main.o(.data) for signal
    main.o(i.counterStep) refers to mpu6050.o(i.MPU6050_Read_Accel) for MPU6050_Read_Accel
    main.o(i.counterStep) refers to fmul.o(x$fpl$fmul) for __aeabi_fmul
    main.o(i.counterStep) refers to faddsub_clz.o(x$fpl$fadd) for __aeabi_fadd
    main.o(i.counterStep) refers to f2d.o(x$fpl$f2d) for __aeabi_f2d
    main.o(i.counterStep) refers to sqrt.o(i.sqrt) for sqrt
    main.o(i.counterStep) refers to d2f.o(x$fpl$d2f) for __aeabi_d2f
    main.o(i.counterStep) refers to fdiv.o(x$fpl$fdiv) for __aeabi_fdiv
    main.o(i.counterStep) refers to faddsub_clz.o(x$fpl$fsub) for __aeabi_fsub
    main.o(i.counterStep) refers to drleqf.o(x$fpl$drleqf) for __aeabi_cdrcmple
    main.o(i.counterStep) refers to dleqf.o(x$fpl$dleqf) for __aeabi_cdcmple
    main.o(i.counterStep) refers to main.o(.data) for Az
    main.o(i.main) refers to _printf_percent.o(.ARM.Collect$$_printf_percent$$00000000) for _printf_percent
    main.o(i.main) refers to _printf_d.o(.ARM.Collect$$_printf_percent$$00000009) for _printf_d
    main.o(i.main) refers to _printf_dec.o(.text) for _printf_int_dec
    main.o(i.main) refers to system_stm32f10x.o(i.SystemInit) for SystemInit
    main.o(i.main) refers to gpio_stm32.o(i.Init_GPIO) for Init_GPIO
    main.o(i.main) refers to main.o(i.__NVIC_EnableIRQ) for __NVIC_EnableIRQ
    main.o(i.main) refers to systick_time.o(i.systick_init) for systick_init
    main.o(i.main) refers to timer.o(i.TIM2IRTConfig) for TIM2IRTConfig
    main.o(i.main) refers to mpu6050.o(i.I2C_Init) for I2C_Init
    main.o(i.main) refers to lcd_1602.o(i.lcd_i2c_init) for lcd_i2c_init
    main.o(i.main) refers to mpu6050.o(i.MPU6050_Init) for MPU6050_Init
    main.o(i.main) refers to gpio_stm32.o(i.W_GP) for W_GP
    main.o(i.main) refers to mpu6050.o(i.MPU6050_Read_Accel) for MPU6050_Read_Accel
    main.o(i.main) refers to main.o(i.counterStep) for counterStep
    main.o(i.main) refers to systick_time.o(i.Delay_ms) for Delay_ms
    main.o(i.main) refers to noretval__2sprintf.o(.text) for __2sprintf
    main.o(i.main) refers to lcd_1602.o(i.lcd_i2c_msg) for lcd_i2c_msg
    main.o(i.main) refers to main.o(.data) for signal
    gpio_stm32.o(i.Digital_Input) refers to gpio_stm32.o(i.Init_GPIO) for Init_GPIO
    gpio_stm32.o(i.Digital_Output) refers to gpio_stm32.o(i.Init_GPIO) for Init_GPIO
    gpio_stm32.o(i.toggle_GP) refers to gpio_stm32.o(i.R_GP) for R_GP
    gpio_stm32.o(i.toggle_GP) refers to gpio_stm32.o(i.W_GP) for W_GP
    systick_time.o(i.Delay_ms) refers to systick_time.o(i.DelayMillis) for DelayMillis
    systick_time.o(i.Delay_us) refers to systick_time.o(i.Delaymicro) for Delaymicro
    pcf8574_drive.o(i.PCF8574_add) refers to i2c_drive.o(i.i2c_add) for i2c_add
    pcf8574_drive.o(i.PCF8574_tx_byte) refers to i2c_drive.o(i.i2c_start) for i2c_start
    pcf8574_drive.o(i.PCF8574_tx_byte) refers to pcf8574_drive.o(i.PCF8574_add) for PCF8574_add
    pcf8574_drive.o(i.PCF8574_tx_byte) refers to i2c_drive.o(i.i2c_data) for i2c_data
    pcf8574_drive.o(i.PCF8574_tx_byte) refers to i2c_drive.o(i.i2c_stop) for i2c_stop
    i2c_drive.o(i.i2c_init) refers to gpio_stm32.o(i.Init_GPIO) for Init_GPIO
    i2c_drive.o(i.i2c_write) refers to i2c_drive.o(i.i2c_start) for i2c_start
    i2c_drive.o(i.i2c_write) refers to i2c_drive.o(i.i2c_add) for i2c_add
    i2c_drive.o(i.i2c_write) refers to i2c_drive.o(i.i2c_data) for i2c_data
    i2c_drive.o(i.i2c_write) refers to i2c_drive.o(i.i2c_stop) for i2c_stop
    lcd_1602.o(i.lcd_i2c_cmd) refers to pcf8574_drive.o(i.PCF8574_tx_byte) for PCF8574_tx_byte
    lcd_1602.o(i.lcd_i2c_cmd) refers to systick_time.o(i.Delay_us) for Delay_us
    lcd_1602.o(i.lcd_i2c_data) refers to pcf8574_drive.o(i.PCF8574_tx_byte) for PCF8574_tx_byte
    lcd_1602.o(i.lcd_i2c_data) refers to systick_time.o(i.Delay_us) for Delay_us
    lcd_1602.o(i.lcd_i2c_init) refers to i2c_drive.o(i.i2c_init) for i2c_init
    lcd_1602.o(i.lcd_i2c_init) refers to systick_time.o(i.Delay_ms) for Delay_ms
    lcd_1602.o(i.lcd_i2c_init) refers to pcf8574_drive.o(i.PCF8574_tx_byte) for PCF8574_tx_byte
    lcd_1602.o(i.lcd_i2c_init) refers to systick_time.o(i.Delay_us) for Delay_us
    lcd_1602.o(i.lcd_i2c_init) refers to lcd_1602.o(i.lcd_i2c_cmd) for lcd_i2c_cmd
    lcd_1602.o(i.lcd_i2c_msg) refers to lcd_1602.o(i.lcd_i2c_cmd) for lcd_i2c_cmd
    lcd_1602.o(i.lcd_i2c_msg) refers to systick_time.o(i.Delay_us) for Delay_us
    lcd_1602.o(i.lcd_i2c_msg) refers to lcd_1602.o(i.lcd_i2c_send) for lcd_i2c_send
    lcd_1602.o(i.lcd_i2c_send) refers to lcd_1602.o(i.lcd_i2c_data) for lcd_i2c_data
    lcd_1602.o(i.lcd_i2c_send) refers to systick_time.o(i.Delay_us) for Delay_us
[...]
    startup_stm32f10x_md.o(RESET) refers to main.o(i.EXTI1_IRQHandler) for EXTI1_IRQHandler
    startup_stm32f10x_md.o(RESET) refers to main.o(i.TIM2_IRQHandler) for TIM2_IRQHandler
    startup_stm32f10x_md.o(.text) refers (Special) to heapauxi.o(.text) for __use_two_region_memory
    startup_stm32f10x_md.o(.text) refers to system_stm32f10x.o(i.SystemInit) for SystemInit
    startup_stm32f10x_md.o(.text) refers to __main.o(!!!main) for __main
    startup_stm32f10x_md.o(.text) refers to startup_stm32f10x_md.o(HEAP) for Heap_Mem
    startup_stm32f10x_md.o(.text) refers to startup_stm32f10x_md.o(STACK) for Stack_Mem
    system_stm32f10x.o(i.SetSysClock) refers to system_stm32f10x.o(i.SetSysClockTo72) for SetSysClockTo72
    system_stm32f10x.o(i.SystemCoreClockUpdate) refers to system_stm32f10x.o(.data) for SystemCoreClock
    system_stm32f10x.o(i.SystemInit) refers to system_stm32f10x.o(i.SetSysClock) for SetSysClock
    __2sprintf.o(.text) refers to _printf_char_common.o(.text) for _printf_char_common
    __2sprintf.o(.text) refers to _sputc.o(.text) for _sputc
    noretval__2sprintf.o(.text) refers to _printf_char_common.o(.text) for _printf_char_common
    noretval__2sprintf.o(.text) refers to _sputc.o(.text) for _sputc
    __printf.o(.text) refers to _printf_percent.o(.ARM.Collect$$_printf_percent$$00000000) for _printf_percent
    _printf_dec.o(.text) refers to _printf_intcommon.o(.text) for _printf_int_common
    __printf_flags.o(.text) refers to _printf_percent.o(.ARM.Collect$$_printf_percent$$00000000) for _printf_percent
    __printf_flags.o(.text) refers to __printf_flags.o(.constdata) for .constdata
    __printf_ss.o(.text) refers to _printf_percent.o(.ARM.Collect$$_printf_percent$$00000000) for _printf_percent
    __printf_flags_ss.o(.text) refers to _printf_percent.o(.ARM.Collect$$_printf_percent$$00000000) for _printf_percent
    __printf_flags_ss.o(.text) refers to __printf_flags_ss.o(.constdata) for .constdata
    __printf_wp.o(.text) refers to __printf_wp.o(i._is_digit) for _is_digit
    __printf_wp.o(.text) refers to _printf_percent.o(.ARM.Collect$$_printf_percent$$00000000) for _printf_percent
    __printf_flags_wp.o(.text) refers to __printf_wp.o(i._is_digit) for _is_digit
    __printf_flags_wp.o(.text) refers to _printf_percent.o(.ARM.Collect$$_printf_percent$$00000000) for _printf_percent
    __printf_flags_wp.o(.text) refers to __printf_flags_wp.o(.constdata) for .constdata
    __printf_ss_wp.o(.text) refers to __printf_wp.o(i._is_digit) for _is_digit
    __printf_ss_wp.o(.text) refers to _printf_percent.o(.ARM.Collect$$_printf_percent$$00000000) for _printf_percent
    __printf_flags_ss_wp.o(.text) refers to __printf_wp.o(i._is_digit) for _is_digit
    __printf_flags_ss_wp.o(.text) refers to _printf_percent.o(.ARM.Collect$$_printf_percent$$00000000) for _printf_percent
    __printf_flags_ss_wp.o(.text) refers to __printf_flags_ss_wp.o(.constdata) for .constdata
    _printf_d.o(.ARM.Collect$$_printf_percent$$00000009) refers (Weak) to _printf_dec.o(.text) for _printf_int_dec
    _printf_percent.o(.ARM.Collect$$_printf_percent$$00000000) refers (Special) to _printf_percent_end.o(.ARM.Collect$$_printf_percent$$00000017) for _printf_percent_end
    __main.o(!!!main) refers to __rtentry.o(.ARM.Collect$$rtentry$$00000000) for __rt_entry
    d2f.o(x$fpl$d2f) refers (Special) to usenofp.o(x$fpl$usenofp) for __I$use$fp
    d2f.o(x$fpl$d2f) refers to fretinf.o(x$fpl$fretinf) for __fpl_fretinf
    d2f.o(x$fpl$d2f) refers to dnaninf.o(x$fpl$dnaninf) for __fpl_dnaninf
    ddiv.o(x$fpl$drdiv) refers (Special) to usenofp.o(x$fpl$usenofp) for __I$use$fp
    ddiv.o(x$fpl$drdiv) refers to ddiv.o(x$fpl$ddiv) for ddiv_entry
    ddiv.o(x$fpl$ddiv) refers (Special) to usenofp.o(x$fpl$usenofp) for __I$use$fp
    ddiv.o(x$fpl$ddiv) refers to dretinf.o(x$fpl$dretinf) for __fpl_dretinf
    ddiv.o(x$fpl$ddiv) refers to dnaninf.o(x$fpl$dnaninf) for __fpl_dnaninf
    dflt_clz.o(x$fpl$dfltu) refers (Special) to usenofp.o(x$fpl$usenofp) for __I$use$fp
    dflt_clz.o(x$fpl$dflt) refers (Special) to usenofp.o(x$fpl$usenofp) for __I$use$fp
    dflt_clz.o(x$fpl$dfltn) refers (Special) to usenofp.o(x$fpl$usenofp) for __I$use$fp
    dleqf.o(x$fpl$dleqf) refers (Special) to usenofp.o(x$fpl$usenofp) for __I$use$fp
    dleqf.o(x$fpl$dleqf) refers to dnaninf.o(x$fpl$dnaninf) for __fpl_dnaninf
    dleqf.o(x$fpl$dleqf) refers to dcmpi.o(x$fpl$dcmpinf) for __fpl_dcmp_Inf
    drleqf.o(x$fpl$drleqf) refers (Special) to usenofp.o(x$fpl$usenofp) for __I$use$fp
    drleqf.o(x$fpl$drleqf) refers to dleqf.o(x$fpl$dleqf) for __fpl_dcmple_InfNaN
    f2d.o(x$fpl$f2d) refers (Special) to usenofp.o(x$fpl$usenofp) for __I$use$fp
    f2d.o(x$fpl$f2d) refers to fnaninf.o(x$fpl$fnaninf) for __fpl_fnaninf
    f2d.o(x$fpl$f2d) refers to dretinf.o(x$fpl$dretinf) for __fpl_dretinf
    faddsub_clz.o(x$fpl$fadd) refers (Special) to usenofp.o(x$fpl$usenofp) for __I$use$fp
    faddsub_clz.o(x$fpl$fadd) refers to faddsub_clz.o(x$fpl$fsub) for _fsub1
    faddsub_clz.o(x$fpl$fadd) refers to fretinf.o(x$fpl$fretinf) for __fpl_fretinf
    faddsub_clz.o(x$fpl$fadd) refers to fnaninf.o(x$fpl$fnaninf) for __fpl_fnaninf
    faddsub_clz.o(x$fpl$frsb) refers (Special) to usenofp.o(x$fpl$usenofp) for __I$use$fp
    faddsub_clz.o(x$fpl$frsb) refers to faddsub_clz.o(x$fpl$fadd) for _fadd1
    faddsub_clz.o(x$fpl$frsb) refers to faddsub_clz.o(x$fpl$fsub) for _fsub1
    faddsub_clz.o(x$fpl$fsub) refers (Special) to usenofp.o(x$fpl$usenofp) for __I$use$fp
    faddsub_clz.o(x$fpl$fsub) refers to faddsub_clz.o(x$fpl$fadd) for _fadd1
    faddsub_clz.o(x$fpl$fsub) refers to fnaninf.o(x$fpl$fnaninf) for __fpl_fnaninf
    fdiv.o(x$fpl$frdiv) refers (Special) to usenofp.o(x$fpl$usenofp) for __I$use$fp
    fdiv.o(x$fpl$frdiv) refers to fdiv.o(x$fpl$fdiv) for _fdiv1
    fdiv.o(x$fpl$fdiv) refers (Special) to usenofp.o(x$fpl$usenofp) for __I$use$fp
    fdiv.o(x$fpl$fdiv) refers to fretinf.o(x$fpl$fretinf) for __fpl_fretinf
    fdiv.o(x$fpl$fdiv) refers to fnaninf.o(x$fpl$fnaninf) for __fpl_fnaninf
    fmul.o(x$fpl$fmul) refers (Special) to usenofp.o(x$fpl$usenofp) for __I$use$fp
    fmul.o(x$fpl$fmul) refers to fretinf.o(x$fpl$fretinf) for __fpl_fretinf
    fmul.o(x$fpl$fmul) refers to fnaninf.o(x$fpl$fnaninf) for __fpl_fnaninf
    sqrt.o(i.__softfp_sqrt) refers (Special) to usenofp.o(x$fpl$usenofp) for __I$use$fp
    sqrt.o(i.__softfp_sqrt) refers to dsqrt_noumaal.o(x$fpl$dsqrt) for _dsqrt
    sqrt.o(i.__softfp_sqrt) refers to _rserrno.o(.text) for __set_errno
    sqrt.o(i.sqrt) refers (Special) to usenofp.o(x$fpl$usenofp) for __I$use$fp
    sqrt.o(i.sqrt) refers to dsqrt_noumaal.o(x$fpl$dsqrt) for _dsqrt
    sqrt.o(i.sqrt) refers to _rserrno.o(.text) for __set_errno
    sqrt_x.o(i.____softfp_sqrt$lsc) refers (Special) to usenofp.o(x$fpl$usenofp) for __I$use$fp
    sqrt_x.o(i.____softfp_sqrt$lsc) refers to dleqf.o(x$fpl$dleqf) for __aeabi_cdcmple
    sqrt_x.o(i.____softfp_sqrt$lsc) refers to _rserrno.o(.text) for __set_errno
    sqrt_x.o(i.____softfp_sqrt$lsc) refers to dsqrt_noumaal.o(x$fpl$dsqrt) for _dsqrt
    sqrt_x.o(i.__sqrt$lsc) refers (Special) to usenofp.o(x$fpl$usenofp) for __I$use$fp
    sqrt_x.o(i.__sqrt$lsc) refers to dleqf.o(x$fpl$dleqf) for __aeabi_cdcmple
    sqrt_x.o(i.__sqrt$lsc) refers to _rserrno.o(.text) for __set_errno
    sqrt_x.o(i.__sqrt$lsc) refers to dsqrt_noumaal.o(x$fpl$dsqrt) for _dsqrt
    __rtentry.o(.ARM.Collect$$rtentry$$00000000) refers (Special) to __rtentry2.o(.ARM.Collect$$rtentry$$0000000A) for __rt_entry_li
    __rtentry.o(.ARM.Collect$$rtentry$$00000000) refers (Special) to __rtentry2.o(.ARM.Collect$$rtentry$$0000000D) for __rt_entry_main
    __rtentry.o(.ARM.Collect$$rtentry$$00000000) refers (Special) to __rtentry2.o(.ARM.Collect$$rtentry$$0000000C) for __rt_entry_postli_1
    __rtentry.o(.ARM.Collect$$rtentry$$00000000) refers (Special) to __rtentry2.o(.ARM.Collect$$rtentry$$00000009) for __rt_entry_postsh_1
    __rtentry.o(.ARM.Collect$$rtentry$$00000000) refers (Special) to __rtentry2.o(.ARM.Collect$$rtentry$$00000002) for __rt_entry_presh_1
    __rtentry.o(.ARM.Collect$$rtentry$$00000000) refers (Special) to __rtentry4.o(.ARM.Collect$$rtentry$$00000004) for __rt_entry_sh
    _rserrno.o(.text) refers to rt_errno_addr_intlibspace.o(.text) for __aeabi_errno_addr
    _printf_char_common.o(.text) refers to __printf.o(.text) for __printf
    dcmpi.o(x$fpl$dcmpinf) refers (Special) to usenofp.o(x$fpl$usenofp) for __I$use$fp
    dnaninf.o(x$fpl$dnaninf) refers (Special) to usenofp.o(x$fpl$usenofp) for __I$use$fp
    dretinf.o(x$fpl$dretinf) refers (Special) to usenofp.o(x$fpl$usenofp) for __I$use$fp
    dsqrt_noumaal.o(x$fpl$dsqrt) refers (Special) to usenofp.o(x$fpl$usenofp) for __I$use$fp
    dsqrt_noumaal.o(x$fpl$dsqrt) refers to dnaninf.o(x$fpl$dnaninf) for __fpl_dnaninf
    fnaninf.o(x$fpl$fnaninf) refers (Special) to usenofp.o(x$fpl$usenofp) for __I$use$fp
    fretinf.o(x$fpl$fretinf) refers (Special) to usenofp.o(x$fpl$usenofp) for __I$use$fp
    __rtentry2.o(.ARM.Collect$$rtentry$$00000008) refers to boardinit2.o(.text) for _platform_post_stackheap_init
    __rtentry2.o(.ARM.Collect$$rtentry$$0000000A) refers to libinit.o(.ARM.Collect$$libinit$$00000000) for __rt_lib_init
    __rtentry2.o(.ARM.Collect$$rtentry$$0000000B) refers to boardinit3.o(.text) for _platform_post_lib_init
    __rtentry2.o(.ARM.Collect$$rtentry$$0000000D) refers to main.o(i.main) for main
    __rtentry2.o(.ARM.Collect$$rtentry$$0000000D) refers to exit.o(.text) for exit
    __rtentry2.o(.ARM.exidx) refers to __rtentry2.o(.ARM.Collect$$rtentry$$00000001) for .ARM.Collect$$rtentry$$00000001
    __rtentry2.o(.ARM.exidx) refers to __rtentry2.o(.ARM.Collect$$rtentry$$00000008) for .ARM.Collect$$rtentry$$00000008
    __rtentry2.o(.ARM.exidx) refers to __rtentry2.o(.ARM.Collect$$rtentry$$0000000A) for .ARM.Collect$$rtentry$$0000000A
    __rtentry2.o(.ARM.exidx) refers to __rtentry2.o(.ARM.Collect$$rtentry$$0000000B) for .ARM.Collect$$rtentry$$0000000B
    __rtentry2.o(.ARM.exidx) refers to __rtentry2.o(.ARM.Collect$$rtentry$$0000000D) for .ARM.Collect$$rtentry$$0000000D
    __rtentry4.o(.ARM.Collect$$rtentry$$00000004) refers to sys_stackheap_outer.o(.text) for __user_setup_stackheap
    __rtentry4.o(.ARM.exidx) refers to __rtentry4.o(.ARM.Collect$$rtentry$$00000004) for .ARM.Collect$$rtentry$$00000004
    rt_errno_addr.o(.text) refers to rt_errno_addr.o(.bss) for __aeabi_errno_addr_data
    rt_errno_addr_intlibspace.o(.text) refers to libspace.o(.bss) for __libspace_start
    libspace.o(.text) refers to libspace.o(.bss) for __libspace_start
    sys_stackheap_outer.o(.text) refers to libspace.o(.text) for __user_perproc_libspace
    sys_stackheap_outer.o(.text) refers to startup_stm32f10x_md.o(.text) for __user_initial_stackheap
    exit.o(.text) refers to rtexit.o(.ARM.Collect$$rtexit$$00000000) for __rt_exit
    libinit.o(.ARM.Collect$$libinit$$00000000) refers (Special) to libinit2.o(.ARM.Collect$$libinit$$0000002E) for __rt_lib_init_alloca_1
    libinit.o(.ARM.Collect$$libinit$$00000000) refers (Special) to libinit2.o(.ARM.Collect$$libinit$$0000002C) for __rt_lib_init_argv_1
    libinit.o(.ARM.Collect$$libinit$$00000000) refers (Special) to libinit2.o(.ARM.Collect$$libinit$$0000001B) for __rt_lib_init_atexit_1
    libinit.o(.ARM.Collect$$libinit$$00000000) refers (Special) to libinit2.o(.ARM.Collect$$libinit$$00000021) for __rt_lib_init_clock_1
    libinit.o(.ARM.Collect$$libinit$$00000000) refers (Special) to libinit2.o(.ARM.Collect$$libinit$$00000032) for __rt_lib_init_cpp_1
    libinit.o(.ARM.Collect$$libinit$$00000000) refers (Special) to libinit2.o(.ARM.Collect$$libinit$$00000030) for __rt_lib_init_exceptions_1
    libinit.o(.ARM.Collect$$libinit$$00000000) refers (Special) to libinit2.o(.ARM.Collect$$libinit$$00000002) for __rt_lib_init_fp_1
    libinit.o(.ARM.Collect$$libinit$$00000000) refers (Special) to libinit2.o(.ARM.Collect$$libinit$$0000001F) for __rt_lib_init_fp_trap_1
    libinit.o(.ARM.Collect$$libinit$$00000000) refers (Special) to libinit2.o(.ARM.Collect$$libinit$$00000023) for __rt_lib_init_getenv_1
    libinit.o(.ARM.Collect$$libinit$$00000000) refers (Special) to libinit2.o(.ARM.Collect$$libinit$$0000000A) for __rt_lib_init_heap_1
    libinit.o(.ARM.Collect$$libinit$$00000000) refers (Special) to libinit2.o(.ARM.Collect$$libinit$$00000011) for __rt_lib_init_lc_collate_1
    libinit.o(.ARM.Collect$$libinit$$00000000) refers (Special) to libinit2.o(.ARM.Collect$$libinit$$00000013) for __rt_lib_init_lc_ctype_1
    libinit.o(.ARM.Collect$$libinit$$00000000) refers (Special) to libinit2.o(.ARM.Collect$$libinit$$00000015) for __rt_lib_init_lc_monetary_1
    libinit.o(.ARM.Collect$$libinit$$00000000) refers (Special) to libinit2.o(.ARM.Collect$$libinit$$00000017) for __rt_lib_init_lc_numeric_1
    libinit.o(.ARM.Collect$$libinit$$00000000) refers (Special) to libinit2.o(.ARM.Collect$$libinit$$00000019) for __rt_lib_init_lc_time_1
    libinit.o(.ARM.Collect$$libinit$$00000000) refers (Special) to libinit2.o(.ARM.Collect$$libinit$$00000004) for __rt_lib_init_preinit_1
    libinit.o(.ARM.Collect$$libinit$$00000000) refers (Special) to libinit2.o(.ARM.Collect$$libinit$$0000000E) for __rt_lib_init_rand_1
    libinit.o(.ARM.Collect$$libinit$$00000000) refers (Special) to libinit2.o(.ARM.Collect$$libinit$$00000033) for __rt_lib_init_return
    libinit.o(.ARM.Collect$$libinit$$00000000) refers (Special) to libinit2.o(.ARM.Collect$$libinit$$0000001D) for __rt_lib_init_signal_1
    libinit.o(.ARM.Collect$$libinit$$00000000) refers (Special) to libinit2.o(.ARM.Collect$$libinit$$00000025) for __rt_lib_init_stdio_1
    libinit.o(.ARM.Collect$$libinit$$00000000) refers (Special) to libinit2.o(.ARM.Collect$$libinit$$0000000C) for __rt_lib_init_user_alloc_1
    rtexit.o(.ARM.Collect$$rtexit$$00000000) refers (Special) to rtexit2.o(.ARM.Collect$$rtexit$$00000004) for __rt_exit_exit
    rtexit.o(.ARM.Collect$$rtexit$$00000000) refers (Special) to rtexit2.o(.ARM.Collect$$rtexit$$00000003) for __rt_exit_ls
    rtexit.o(.ARM.Collect$$rtexit$$00000000) refers (Special) to rtexit2.o(.ARM.Collect$$rtexit$$00000002) for __rt_exit_prels_1
    rtexit.o(.ARM.exidx) refers (Special) to rtexit2.o(.ARM.Collect$$rtexit$$00000004) for __rt_exit_exit
    rtexit.o(.ARM.exidx) refers (Special) to rtexit2.o(.ARM.Collect$$rtexit$$00000003) for __rt_exit_ls
    rtexit.o(.ARM.exidx) refers (Special) to rtexit2.o(.ARM.Collect$$rtexit$$00000002) for __rt_exit_prels_1
    rtexit.o(.ARM.exidx) refers to rtexit.o(.ARM.Collect$$rtexit$$00000000) for .ARM.Collect$$rtexit$$00000000
    libinit2.o(.ARM.Collect$$libinit$$00000010) refers to libinit2.o(.ARM.Collect$$libinit$$0000000F) for .ARM.Collect$$libinit$$0000000F
    libinit2.o(.ARM.Collect$$libinit$$00000012) refers to libinit2.o(.ARM.Collect$$libinit$$0000000F) for .ARM.Collect$$libinit$$0000000F
    libinit2.o(.ARM.Collect$$libinit$$00000014) refers to libinit2.o(.ARM.Collect$$libinit$$0000000F) for .ARM.Collect$$libinit$$0000000F
    libinit2.o(.ARM.Collect$$libinit$$00000016) refers to libinit2.o(.ARM.Collect$$libinit$$0000000F) for .ARM.Collect$$libinit$$0000000F
    libinit2.o(.ARM.Collect$$libinit$$00000018) refers to libinit2.o(.ARM.Collect$$libinit$$0000000F) for .ARM.Collect$$libinit$$0000000F
    libinit2.o(.ARM.Collect$$libinit$$00000026) refers to argv_veneer.o(.emb_text) for __ARM_argv_veneer
    libinit2.o(.ARM.Collect$$libinit$$00000027) refers to argv_veneer.o(.emb_text) for __ARM_argv_veneer
    rtexit2.o(.ARM.Collect$$rtexit$$00000003) refers to libshutdown.o(.ARM.Collect$$libshutdown$$00000000) for __rt_lib_shutdown
    rtexit2.o(.ARM.Collect$$rtexit$$00000004) refers to sys_exit.o(.text) for _sys_exit
    rtexit2.o(.ARM.exidx) refers to rtexit2.o(.ARM.Collect$$rtexit$$00000001) for .ARM.Collect$$rtexit$$00000001
    rtexit2.o(.ARM.exidx) refers to rtexit2.o(.ARM.Collect$$rtexit$$00000003) for .ARM.Collect$$rtexit$$00000003
    rtexit2.o(.ARM.exidx) refers to rtexit2.o(.ARM.Collect$$rtexit$$00000004) for .ARM.Collect$$rtexit$$00000004
    argv_veneer.o(.emb_text) refers to no_argv.o(.text) for __ARM_get_argv
    sys_exit.o(.text) refers (Special) to use_no_semi.o(.text) for __I$use$semihosting
    sys_exit.o(.text) refers (Special) to indicate_semi.o(.text) for __semihosting_library_function
    _get_argv_nomalloc.o(.text) refers (Special) to hrguard.o(.text) for __heap_region$guard
    _get_argv_nomalloc.o(.text) refers to defsig_rtmem_outer.o(.text) for __rt_SIGRTMEM
    _get_argv_nomalloc.o(.text) refers to sys_command.o(.text) for _sys_command_string
    libshutdown.o(.ARM.Collect$$libshutdown$$00000000) refers (Special) to libshutdown2.o(.ARM.Collect$$libshutdown$$00000002) for __rt_lib_shutdown_cpp_1
    libshutdown.o(.ARM.Collect$$libshutdown$$00000000) refers (Special) to libshutdown2.o(.ARM.Collect$$libshutdown$$00000007) for __rt_lib_shutdown_fp_trap_1
    libshutdown.o(.ARM.Collect$$libshutdown$$00000000) refers (Special) to libshutdown2.o(.ARM.Collect$$libshutdown$$0000000F) for __rt_lib_shutdown_heap_1
    libshutdown.o(.ARM.Collect$$libshutdown$$00000000) refers (Special) to libshutdown2.o(.ARM.Collect$$libshutdown$$00000010) for __rt_lib_shutdown_return
    libshutdown.o(.ARM.Collect$$libshutdown$$00000000) refers (Special) to libshutdown2.o(.ARM.Collect$$libshutdown$$0000000A) for __rt_lib_shutdown_signal_1
    libshutdown.o(.ARM.Collect$$libshutdown$$00000000) refers (Special) to libshutdown2.o(.ARM.Collect$$libshutdown$$00000004) for __rt_lib_shutdown_stdio_1
    libshutdown.o(.ARM.Collect$$libshutdown$$00000000) refers (Special) to libshutdown2.o(.ARM.Collect$$libshutdown$$0000000C) for __rt_lib_shutdown_user_alloc_1
    sys_command.o(.text) refers (Special) to use_no_semi.o(.text) for __I$use$semihosting
    sys_command.o(.text) refers (Special) to indicate_semi.o(.text) for __semihosting_library_function
    defsig_rtmem_outer.o(.text) refers to defsig_rtmem_inner.o(.text) for __rt_SIGRTMEM_inner
    defsig_rtmem_outer.o(.text) refers to defsig_exit.o(.text) for __sig_exit
    defsig_rtmem_formal.o(.text) refers to rt_raise.o(.text) for __rt_raise
    rt_raise.o(.text) refers to __raise.o(.text) for __raise
    rt_raise.o(.text) refers to sys_exit.o(.text) for _sys_exit
    defsig_exit.o(.text) refers to sys_exit.o(.text) for _sys_exit
    defsig_rtmem_inner.o(.text) refers to defsig_general.o(.text) for __default_signal_display
    __raise.o(.text) refers to defsig.o(CL$$defsig) for __default_signal_handler
    defsig_general.o(.text) refers to sys_wrch.o(.text) for _ttywrch
    sys_wrch.o(.text) refers (Special) to use_no_semi.o(.text) for __I$use$semihosting
    sys_wrch.o(.text) refers (Special) to indicate_semi.o(.text) for __semihosting_library_function
    defsig.o(CL$$defsig) refers to defsig_rtmem_inner.o(.text) for __rt_SIGRTMEM_inner
    defsig_abrt_inner.o(.text) refers to defsig_general.o(.text) for __default_signal_display
    defsig_fpe_inner.o(.text) refers to defsig_general.o(.text) for __default_signal_display
    defsig_rtred_inner.o(.text) refers to defsig_general.o(.text) for __default_signal_display
    defsig_stak_inner.o(.text) refers to defsig_general.o(.text) for __default_signal_display
    defsig_pvfn_inner.o(.text) refers to defsig_general.o(.text) for __default_signal_display
    defsig_cppl_inner.o(.text) refers to defsig_general.o(.text) for __default_signal_display
    defsig_segv_inner.o(.text) refers to defsig_general.o(.text) for __default_signal_display
    defsig_other.o(.text) refers to defsig_general.o(.text) for __default_signal_display


==============================================================================

Removing Unused input sections from the image.

    Removing main.o(.rev16_text), (4 bytes).
    Removing main.o(.revsh_text), (4 bytes).
    Removing main.o(.rrx_text), (6 bytes).
    Removing gpio_stm32.o(i.Digital_Input), (20 bytes).
    Removing gpio_stm32.o(i.Digital_Output), (20 bytes).
    Removing gpio_stm32.o(i.R_GP), (68 bytes).
    Removing gpio_stm32.o(i.toggle_GP), (40 bytes).
    Removing systick_time.o(.rev16_text), (4 bytes).
    Removing systick_time.o(.revsh_text), (4 bytes).
    Removing systick_time.o(.rrx_text), (6 bytes).
    Removing pcf8574_drive.o(.rev16_text), (4 bytes).
    Removing pcf8574_drive.o(.revsh_text), (4 bytes).
    Removing pcf8574_drive.o(.rrx_text), (6 bytes).
    Removing i2c_drive.o(.rev16_text), (4 bytes).
    Removing i2c_drive.o(.revsh_text), (4 bytes).
    Removing i2c_drive.o(.rrx_text), (6 bytes).
    Removing i2c_drive.o(i.i2c_rx), (124 bytes).
    Removing i2c_drive.o(i.i2c_write), (52 bytes).
    Removing lcd_1602.o(.rev16_text), (4 bytes).
    Removing lcd_1602.o(.revsh_text), (4 bytes).
    Removing lcd_1602.o(.rrx_text), (6 bytes).
    Removing mpu6050.o(.rev16_text), (4 bytes).
    Removing mpu6050.o(.revsh_text), (4 bytes).
    Removing mpu6050.o(.rrx_text), (6 bytes).
    Removing mpu6050.o(i.I2C_WriteMulti), (68 bytes).
    Removing mpu6050.o(i.i2c_sendStop), (36 bytes).
    Removing mpu6050.o(i.i2c_waitForReady), (20 bytes).
    Removing timer.o(.rev16_text), (4 bytes).
    Removing timer.o(.revsh_text), (4 bytes).
    Removing timer.o(.rrx_text), (6 bytes).
    Removing timer.o(i.TIM2Config), (56 bytes).
    Removing misc.o(.rev16_text), (4 bytes).
    Removing misc.o(.revsh_text), (4 bytes).
    Removing misc.o(.rrx_text), (6 bytes).
    Removing misc.o(i.NVIC_Init), (112 bytes).
    Removing misc.o(i.NVIC_PriorityGroupConfig), (20 bytes).
    Removing misc.o(i.NVIC_SetVectorTable), (20 bytes).
    Removing misc.o(i.NVIC_SystemLPConfig), (32 bytes).
    Removing misc.o(i.SysTick_CLKSourceConfig), (40 bytes).
    Removing system_stm32f10x.o(.rev16_text), (4 bytes).
    Removing system_stm32f10x.o(.revsh_text), (4 bytes).
    Removing system_stm32f10x.o(.rrx_text), (6 bytes).
    Removing system_stm32f10x.o(i.SystemCoreClockUpdate), (164 bytes).
    Removing system_stm32f10x.o(.data), (20 bytes).

44 unused section(s) (total 1038 bytes) removed from the image.

==============================================================================

Image Symbol Table

    Local Symbols

    Symbol Name                              Value     Ov Type        Size  Object(Section)

    ../clib/angel/boardlib.s                 0x00000000   Number         0  boardinit1.o ABSOLUTE
    ../clib/angel/boardlib.s                 0x00000000   Number         0  boardshut.o ABSOLUTE
    ../clib/angel/boardlib.s                 0x00000000   Number         0  boardinit2.o ABSOLUTE
    ../clib/angel/boardlib.s                 0x00000000   Number         0  boardinit3.o ABSOLUTE
    ../clib/angel/handlers.s                 0x00000000   Number         0  __scatter_zi.o ABSOLUTE
    ../clib/angel/handlers.s                 0x00000000   Number         0  __scatter_copy.o ABSOLUTE
    ../clib/angel/kernel.s                   0x00000000   Number         0  __rtentry2.o ABSOLUTE
    ../clib/angel/kernel.s                   0x00000000   Number         0  __rtentry.o ABSOLUTE
    ../clib/angel/kernel.s                   0x00000000   Number         0  rtexit2.o ABSOLUTE
    ../clib/angel/kernel.s                   0x00000000   Number         0  rtexit.o ABSOLUTE
    ../clib/angel/kernel.s                   0x00000000   Number         0  __rtentry4.o ABSOLUTE
    ../clib/angel/rt.s                       0x00000000   Number         0  rt_raise.o ABSOLUTE
    ../clib/angel/rt.s                       0x00000000   Number         0  rt_errno_addr_intlibspace.o ABSOLUTE
    ../clib/angel/rt.s                       0x00000000   Number         0  rt_errno_addr.o ABSOLUTE
    ../clib/angel/scatter.s                  0x00000000   Number         0  __scatter.o ABSOLUTE
    ../clib/angel/startup.s                  0x00000000   Number         0  __main.o ABSOLUTE
    ../clib/angel/sys.s                      0x00000000   Number         0  indicate_semi.o ABSOLUTE
    ../clib/angel/sys.s                      0x00000000   Number         0  use_no_semi.o ABSOLUTE
    ../clib/angel/sys.s                      0x00000000   Number         0  libspace.o ABSOLUTE
    ../clib/angel/sys.s                      0x00000000   Number         0  sys_stackheap_outer.o ABSOLUTE
    ../clib/angel/sysapp.c                   0x00000000   Number         0  sys_exit.o ABSOLUTE
    ../clib/angel/sysapp.c                   0x00000000   Number         0  sys_wrch.o ABSOLUTE
    ../clib/angel/sysapp.c                   0x00000000   Number         0  sys_command.o ABSOLUTE
    ../clib/armsys.c                         0x00000000   Number         0  no_argv.o ABSOLUTE
    ../clib/armsys.c                         0x00000000   Number         0  argv_veneer.o ABSOLUTE
    ../clib/armsys.c                         0x00000000   Number         0  argv_veneer.o ABSOLUTE
    ../clib/armsys.c                         0x00000000   Number         0  _get_argv_nomalloc.o ABSOLUTE
    ../clib/fenv.c                           0x00000000   Number         0  _rserrno.o ABSOLUTE
    ../clib/heapalloc.c                      0x00000000   Number         0  hrguard.o ABSOLUTE
    ../clib/heapaux.c                        0x00000000   Number         0  heapauxi.o ABSOLUTE
    ../clib/libinit.s                        0x00000000   Number         0  libshutdown2.o ABSOLUTE
    ../clib/libinit.s                        0x00000000   Number         0  libinit.o ABSOLUTE
    ../clib/libinit.s                        0x00000000   Number         0  libshutdown.o ABSOLUTE
    ../clib/libinit.s                        0x00000000   Number         0  libinit2.o ABSOLUTE
    ../clib/printf.c                         0x00000000   Number         0  __printf_ss_wp.o ABSOLUTE
    ../clib/printf.c                         0x00000000   Number         0  __printf_wp.o ABSOLUTE
    ../clib/printf.c                         0x00000000   Number         0  __printf_flags_ss_wp.o ABSOLUTE
    ../clib/printf.c                         0x00000000   Number         0  __printf.o ABSOLUTE
    ../clib/printf.c                         0x00000000   Number         0  __printf_ss.o ABSOLUTE
    ../clib/printf.c                         0x00000000   Number         0  _printf_intcommon.o ABSOLUTE
    ../clib/printf.c                         0x00000000   Number         0  __printf_flags_wp.o ABSOLUTE
    ../clib/printf.c                         0x00000000   Number         0  _printf_char_common.o ABSOLUTE
    ../clib/printf.c                         0x00000000   Number         0  _sputc.o ABSOLUTE
    ../clib/printf.c                         0x00000000   Number         0  __printf_flags.o ABSOLUTE
    ../clib/printf.c                         0x00000000   Number         0  _printf_dec.o ABSOLUTE
    ../clib/printf.c                         0x00000000   Number         0  noretval__2sprintf.o ABSOLUTE
    ../clib/printf.c                         0x00000000   Number         0  __printf_nopercent.o ABSOLUTE
    ../clib/printf.c                         0x00000000   Number         0  __2sprintf.o ABSOLUTE
    ../clib/printf.c                         0x00000000   Number         0  __printf_flags_ss.o ABSOLUTE
    ../clib/printf_percent.s                 0x00000000   Number         0  _printf_d.o ABSOLUTE
    ../clib/printf_percent.s                 0x00000000   Number         0  _printf_percent_end.o ABSOLUTE
    ../clib/printf_percent.s                 0x00000000   Number         0  _printf_percent.o ABSOLUTE
    ../clib/signal.c                         0x00000000   Number         0  defsig_general.o ABSOLUTE
    ../clib/signal.c                         0x00000000   Number         0  __raise.o ABSOLUTE
    ../clib/signal.c                         0x00000000   Number         0  defsig_rtmem_inner.o ABSOLUTE
    ../clib/signal.c                         0x00000000   Number         0  defsig_rtmem_formal.o ABSOLUTE
    ../clib/signal.c                         0x00000000   Number         0  defsig_exit.o ABSOLUTE
    ../clib/signal.c                         0x00000000   Number         0  defsig_rtmem_outer.o ABSOLUTE
    ../clib/signal.c                         0x00000000   Number         0  defsig_stak_inner.o ABSOLUTE
    ../clib/signal.c                         0x00000000   Number         0  defsig_other.o ABSOLUTE
    ../clib/signal.c                         0x00000000   Number         0  defsig_segv_inner.o ABSOLUTE
    ../clib/signal.c                         0x00000000   Number         0  defsig_cppl_inner.o ABSOLUTE
    ../clib/signal.c                         0x00000000   Number         0  defsig_pvfn_inner.o ABSOLUTE
    ../clib/signal.c                         0x00000000   Number         0  defsig_rtred_inner.o ABSOLUTE
    ../clib/signal.c                         0x00000000   Number         0  defsig_fpe_inner.o ABSOLUTE
    ../clib/signal.c                         0x00000000   Number         0  defsig_abrt_inner.o ABSOLUTE
    ../clib/signal.s                         0x00000000   Number         0  defsig.o ABSOLUTE
    ../clib/stdlib.c                         0x00000000   Number         0  exit.o ABSOLUTE
    ../fplib/d2f.s                           0x00000000   Number         0  d2f.o ABSOLUTE
    ../fplib/dcmpi.s                         0x00000000   Number         0  dcmpi.o ABSOLUTE
    ../fplib/ddiv.s                          0x00000000   Number         0  ddiv.o ABSOLUTE
    ../fplib/dflt.s                          0x00000000   Number         0  dflt_clz.o ABSOLUTE
    ../fplib/dleqf.s                         0x00000000   Number         0  dleqf.o ABSOLUTE
    ../fplib/dnaninf.s                       0x00000000   Number         0  dnaninf.o ABSOLUTE
    ../fplib/dretinf.s                       0x00000000   Number         0  dretinf.o ABSOLUTE
    ../fplib/drleqf.s                        0x00000000   Number         0  drleqf.o ABSOLUTE
    ../fplib/dsqrt.s                         0x00000000   Number         0  dsqrt_noumaal.o ABSOLUTE
    ../fplib/f2d.s                           0x00000000   Number         0  f2d.o ABSOLUTE
    ../fplib/faddsub.s                       0x00000000   Number         0  faddsub_clz.o ABSOLUTE
    ../fplib/fdiv.s                          0x00000000   Number         0  fdiv.o ABSOLUTE
    ../fplib/fmul.s                          0x00000000   Number         0  fmul.o ABSOLUTE
    ../fplib/fnaninf.s                       0x00000000   Number         0  fnaninf.o ABSOLUTE
    ../fplib/fpinit.s                        0x00000000   Number         0  fpinit.o ABSOLUTE
    ../fplib/fretinf.s                       0x00000000   Number         0  fretinf.o ABSOLUTE
    ../fplib/usenofp.s                       0x00000000   Number         0  usenofp.o ABSOLUTE
    ../mathlib/sqrt.c                        0x00000000   Number         0  sqrt_x.o ABSOLUTE
    ../mathlib/sqrt.c                        0x00000000   Number         0  sqrt.o ABSOLUTE
    D:\Keil_v5\ARM\PACK\Keil\STM32F1xx_DFP\2.4.0\Device\StdPeriph_Driver\src\misc.c 0x00000000   Number         0  misc.o ABSOLUTE
    D:\\Keil_v5\\ARM\\PACK\\Keil\\STM32F1xx_DFP\\2.4.0\\Device\\StdPeriph_Driver\\src\\misc.c 0x00000000   Number         0  misc.o ABSOLUTE
    MPU6050.c                                0x00000000   Number         0  mpu6050.o ABSOLUTE
    MPU6050.c                                0x00000000   Number         0  mpu6050.o ABSOLUTE
    PCF8574_drive.c                          0x00000000   Number         0  pcf8574_drive.o ABSOLUTE
    PCF8574_drive.c                          0x00000000   Number         0  pcf8574_drive.o ABSOLUTE
    RTE\Device\STM32F103C8\startup_stm32f10x_md.s 0x00000000   Number         0  startup_stm32f10x_md.o ABSOLUTE
    RTE\Device\STM32F103C8\system_stm32f10x.c 0x00000000   Number         0  system_stm32f10x.o ABSOLUTE
    RTE\\Device\\STM32F103C8\\system_stm32f10x.c 0x00000000   Number         0  system_stm32f10x.o ABSOLUTE
    Timer.c                                  0x00000000   Number         0  timer.o ABSOLUTE
    Timer.c                                  0x00000000   Number         0  timer.o ABSOLUTE
    dc.s                                     0x00000000   Number         0  dc.o ABSOLUTE
    gpio_stm32.c                             0x00000000   Number         0  gpio_stm32.o ABSOLUTE
    i2c_drive.c                              0x00000000   Number         0  i2c_drive.o ABSOLUTE
    i2c_drive.c                              0x00000000   Number         0  i2c_drive.o ABSOLUTE
    lcd_1602.c                               0x00000000   Number         0  lcd_1602.o ABSOLUTE
    lcd_1602.c                               0x00000000   Number         0  lcd_1602.o ABSOLUTE
    main.c                                   0x00000000   Number         0  main.o ABSOLUTE
    main.c                                   0x00000000   Number         0  main.o ABSOLUTE
    systick_time.c                           0x00000000   Number         0  systick_time.o ABSOLUTE
    systick_time.c                           0x00000000   Number         0  systick_time.o ABSOLUTE
    RESET                                    0x08000000   Section      236  startup_stm32f10x_md.o(RESET)
    !!!main                                  0x080000ec   Section        8  __main.o(!!!main)
    !!!scatter                               0x080000f4   Section       52  __scatter.o(!!!scatter)
    !!handler_copy                           0x08000128   Section       26  __scatter_copy.o(!!handler_copy)
    !!handler_zi                             0x08000144   Section       28  __scatter_zi.o(!!handler_zi)
    .ARM.Collect$$_printf_percent$$00000000  0x08000160   Section        0  _printf_percent.o(.ARM.Collect$$_printf_percent$$00000000)
    .ARM.Collect$$_printf_percent$$00000009  0x08000160   Section        6  _printf_d.o(.ARM.Collect$$_printf_percent$$00000009)
    .ARM.Collect$$_printf_percent$$00000017  0x08000166   Section        4  _printf_percent_end.o(.ARM.Collect$$_printf_percent$$00000017)
    .ARM.Collect$$libinit$$00000000          0x0800016a   Section        2  libinit.o(.ARM.Collect$$libinit$$00000000)
    .ARM.Collect$$libinit$$00000002          0x0800016c   Section        0  libinit2.o(.ARM.Collect$$libinit$$00000002)
    .ARM.Collect$$libinit$$00000004          0x0800016c   Section        0  libinit2.o(.ARM.Collect$$libinit$$00000004)
    .ARM.Collect$$libinit$$0000000A          0x0800016c   Section        0  libinit2.o(.ARM.Collect$$libinit$$0000000A)
    .ARM.Collect$$libinit$$0000000C          0x0800016c   Section        0  libinit2.o(.ARM.Collect$$libinit$$0000000C)
    .ARM.Collect$$libinit$$0000000E          0x0800016c   Section        0  libinit2.o(.ARM.Collect$$libinit$$0000000E)
    .ARM.Collect$$libinit$$00000011          0x0800016c   Section        0  libinit2.o(.ARM.Collect$$libinit$$00000011)
    .ARM.Collect$$libinit$$00000013          0x0800016c   Section        0  libinit2.o(.ARM.Collect$$libinit$$00000013)
    .ARM.Collect$$libinit$$00000015          0x0800016c   Section        0  libinit2.o(.ARM.Collect$$libinit$$00000015)
    .ARM.Collect$$libinit$$00000017          0x0800016c   Section        0  libinit2.o(.ARM.Collect$$libinit$$00000017)
    .ARM.Collect$$libinit$$00000019          0x0800016c   Section        0  libinit2.o(.ARM.Collect$$libinit$$00000019)
    .ARM.Collect$$libinit$$0000001B          0x0800016c   Section        0  libinit2.o(.ARM.Collect$$libinit$$0000001B)
    .ARM.Collect$$libinit$$0000001D          0x0800016c   Section        0  libinit2.o(.ARM.Collect$$libinit$$0000001D)
    .ARM.Collect$$libinit$$0000001F          0x0800016c   Section        0  libinit2.o(.ARM.Collect$$libinit$$0000001F)
    .ARM.Collect$$libinit$$00000021          0x0800016c   Section        0  libinit2.o(.ARM.Collect$$libinit$$00000021)
    .ARM.Collect$$libinit$$00000023          0x0800016c   Section        0  libinit2.o(.ARM.Collect$$libinit$$00000023)
    .ARM.Collect$$libinit$$00000025          0x0800016c   Section        0  libinit2.o(.ARM.Collect$$libinit$$00000025)
    .ARM.Collect$$libinit$$0000002C          0x0800016c   Section        0  libinit2.o(.ARM.Collect$$libinit$$0000002C)
    .ARM.Collect$$libinit$$0000002E          0x0800016c   Section        0  libinit2.o(.ARM.Collect$$libinit$$0000002E)
    .ARM.Collect$$libinit$$00000030          0x0800016c   Section        0  libinit2.o(.ARM.Collect$$libinit$$00000030)
    .ARM.Collect$$libinit$$00000032          0x0800016c   Section        0  libinit2.o(.ARM.Collect$$libinit$$00000032)
    .ARM.Collect$$libinit$$00000033          0x0800016c   Section        2  libinit2.o(.ARM.Collect$$libinit$$00000033)
    .ARM.Collect$$libshutdown$$00000000      0x0800016e   Section        2  libshutdown.o(.ARM.Collect$$libshutdown$$00000000)
    .ARM.Collect$$libshutdown$$00000002      0x08000170   Section        0  libshutdown2.o(.ARM.Collect$$libshutdown$$00000002)
    .ARM.Collect$$libshutdown$$00000004      0x08000170   Section        0  libshutdown2.o(.ARM.Collect$$libshutdown$$00000004)
    .ARM.Collect$$libshutdown$$00000007      0x08000170   Section        0  libshutdown2.o(.ARM.Collect$$libshutdown$$00000007)
    .ARM.Collect$$libshutdown$$0000000A      0x08000170   Section        0  libshutdown2.o(.ARM.Collect$$libshutdown$$0000000A)
    .ARM.Collect$$libshutdown$$0000000C      0x08000170   Section        0  libshutdown2.o(.ARM.Collect$$libshutdown$$0000000C)
    .ARM.Collect$$libshutdown$$0000000F      0x08000170   Section        0  libshutdown2.o(.ARM.Collect$$libshutdown$$0000000F)
    .ARM.Collect$$libshutdown$$00000010      0x08000170   Section        2  libshutdown2.o(.ARM.Collect$$libshutdown$$00000010)
    .ARM.Collect$$rtentry$$00000000          0x08000172   Section        0  __rtentry.o(.ARM.Collect$$rtentry$$00000000)
    .ARM.Collect$$rtentry$$00000002          0x08000172   Section        0  __rtentry2.o(.ARM.Collect$$rtentry$$00000002)
    .ARM.Collect$$rtentry$$00000004          0x08000172   Section        6  __rtentry4.o(.ARM.Collect$$rtentry$$00000004)
    .ARM.Collect$$rtentry$$00000009          0x08000178   Section        0  __rtentry2.o(.ARM.Collect$$rtentry$$00000009)
    .ARM.Collect$$rtentry$$0000000A          0x08000178   Section        4  __rtentry2.o(.ARM.Collect$$rtentry$$0000000A)
    .ARM.Collect$$rtentry$$0000000C          0x0800017c   Section        0  __rtentry2.o(.ARM.Collect$$rtentry$$0000000C)
    .ARM.Collect$$rtentry$$0000000D          0x0800017c   Section        8  __rtentry2.o(.ARM.Collect$$rtentry$$0000000D)
    .ARM.Collect$$rtexit$$00000000           0x08000184   Section        2  rtexit.o(.ARM.Collect$$rtexit$$00000000)
    .ARM.Collect$$rtexit$$00000002           0x08000186   Section        0  rtexit2.o(.ARM.Collect$$rtexit$$00000002)
    .ARM.Collect$$rtexit$$00000003           0x08000186   Section        4  rtexit2.o(.ARM.Collect$$rtexit$$00000003)
    .ARM.Collect$$rtexit$$00000004           0x0800018a   Section        6  rtexit2.o(.ARM.Collect$$rtexit$$00000004)
    .text                                    0x08000190   Section       64  startup_stm32f10x_md.o(.text)
    .text                                    0x080001d0   Section        0  noretval__2sprintf.o(.text)
    .text                                    0x080001f8   Section        0  __printf.o(.text)
    .text                                    0x08000260   Section        0  _printf_dec.o(.text)
    .text                                    0x080002d8   Section        0  heapauxi.o(.text)
    .text                                    0x080002de   Section        0  _rserrno.o(.text)
    .text                                    0x080002f4   Section        0  _printf_intcommon.o(.text)
    .text                                    0x080003a8   Section        0  _printf_char_common.o(.text)
    _printf_input_char                       0x080003a9   Thumb Code    10  _printf_char_common.o(.text)
    .text                                    0x080003d8   Section        0  _sputc.o(.text)
    .text                                    0x080003e4   Section        8  rt_errno_addr_intlibspace.o(.text)
    .text                                    0x080003ec   Section        8  libspace.o(.text)
    .text                                    0x080003f4   Section       74  sys_stackheap_outer.o(.text)
    .text                                    0x0800043e   Section        0  exit.o(.text)
    .text                                    0x08000450   Section        0  sys_exit.o(.text)
    .text                                    0x0800045c   Section        2  use_no_semi.o(.text)
    .text                                    0x0800045e   Section        0  indicate_semi.o(.text)
    i.DelayMillis                            0x08000460   Section        0  systick_time.o(i.DelayMillis)
    i.Delay_ms                               0x08000484   Section        0  systick_time.o(i.Delay_ms)
    i.Delay_us                               0x08000498   Section        0  systick_time.o(i.Delay_us)
    i.Delaymicro                             0x080004ac   Section        0  systick_time.o(i.Delaymicro)
    i.EXTI0_IRQHandler                       0x080004cc   Section        0  main.o(i.EXTI0_IRQHandler)
    i.EXTI1_IRQHandler                       0x080004f8   Section        0  main.o(i.EXTI1_IRQHandler)
    i.I2C_Address                            0x08000514   Section        0  mpu6050.o(i.I2C_Address)
    i.I2C_Init                               0x08000540   Section        0  mpu6050.o(i.I2C_Init)
    i.I2C_Read                               0x080005a8   Section        0  mpu6050.o(i.I2C_Read)
    i.I2C_Stop                               0x080006b8   Section        0  mpu6050.o(i.I2C_Stop)
    i.I2C_Write                              0x080006cc   Section        0  mpu6050.o(i.I2C_Write)
    i.Init_GPIO                              0x080006f4   Section        0  gpio_stm32.o(i.Init_GPIO)
    i.MPU6050_Init                           0x080007a8   Section        0  mpu6050.o(i.MPU6050_Init)
    i.MPU6050_Read_Accel                     0x080007f0   Section        0  mpu6050.o(i.MPU6050_Read_Accel)
    i.MPU_Read                               0x08000894   Section        0  mpu6050.o(i.MPU_Read)
    i.MPU_Write                              0x080008c4   Section        0  mpu6050.o(i.MPU_Write)
    i.PCF8574_add                            0x080008e8   Section        0  pcf8574_drive.o(i.PCF8574_add)
    i.PCF8574_tx_byte                        0x080008fa   Section        0  pcf8574_drive.o(i.PCF8574_tx_byte)
    i.SetSysClock                            0x0800091e   Section        0  system_stm32f10x.o(i.SetSysClock)
    SetSysClock                              0x0800091f   Thumb Code     8  system_stm32f10x.o(i.SetSysClock)
    i.SetSysClockTo72                        0x08000928   Section        0  system_stm32f10x.o(i.SetSysClockTo72)
    SetSysClockTo72                          0x08000929   Thumb Code   214  system_stm32f10x.o(i.SetSysClockTo72)
    i.SystemInit                             0x08000a08   Section        0  system_stm32f10x.o(i.SystemInit)
    i.TIM2IRTConfig                          0x08000a68   Section        0  timer.o(i.TIM2IRTConfig)
    i.TIM2_IRQHandler                        0x08000b0c   Section        0  main.o(i.TIM2_IRQHandler)
    i.W_GP                                   0x08000b38   Section        0  gpio_stm32.o(i.W_GP)
    i.__NVIC_EnableIRQ                       0x08000b88   Section        0  main.o(i.__NVIC_EnableIRQ)
    __NVIC_EnableIRQ                         0x08000b89   Thumb Code    34  main.o(i.__NVIC_EnableIRQ)
    i.counterStep                            0x08000bac   Section        0  main.o(i.counterStep)
    i.i2c_Start                              0x08000c98   Section        0  mpu6050.o(i.i2c_Start)
    i.i2c_add                                0x08000cc4   Section        0  i2c_drive.o(i.i2c_add)
    i.i2c_data                               0x08000d68   Section        0  i2c_drive.o(i.i2c_data)
    i.i2c_init                               0x08000dc0   Section        0  i2c_drive.o(i.i2c_init)
    i.i2c_start                              0x08000e9c   Section        0  i2c_drive.o(i.i2c_start)
    i.i2c_stop                               0x08000ee8   Section        0  i2c_drive.o(i.i2c_stop)
    i.lcd_i2c_cmd                            0x08000efc   Section        0  lcd_1602.o(i.lcd_i2c_cmd)
    i.lcd_i2c_data                           0x08000f7c   Section        0  lcd_1602.o(i.lcd_i2c_data)
    i.lcd_i2c_init                           0x08000ffc   Section        0  lcd_1602.o(i.lcd_i2c_init)
    i.lcd_i2c_msg                            0x08001122   Section        0  lcd_1602.o(i.lcd_i2c_msg)
    i.lcd_i2c_send                           0x08001160   Section        0  lcd_1602.o(i.lcd_i2c_send)
    i.main                                   0x08001184   Section        0  main.o(i.main)
    i.sqrt                                   0x080012c4   Section        0  sqrt.o(i.sqrt)
    i.systick_init                           0x08001310   Section        0  systick_time.o(i.systick_init)
    x$fpl$d2f                                0x08001328   Section       98  d2f.o(x$fpl$d2f)
    x$fpl$dcmpinf                            0x0800138a   Section       24  dcmpi.o(x$fpl$dcmpinf)
    x$fpl$ddiv                               0x080013a4   Section      688  ddiv.o(x$fpl$ddiv)
    ddiv_entry                               0x080013ab   Thumb Code     0  ddiv.o(x$fpl$ddiv)
    x$fpl$dflt                               0x08001654   Section       46  dflt_clz.o(x$fpl$dflt)
    x$fpl$dleqf                              0x08001684   Section      120  dleqf.o(x$fpl$dleqf)
    x$fpl$dnaninf                            0x080016fc   Section      156  dnaninf.o(x$fpl$dnaninf)
    x$fpl$dretinf                            0x08001798   Section       12  dretinf.o(x$fpl$dretinf)
    x$fpl$drleqf                             0x080017a4   Section      108  drleqf.o(x$fpl$drleqf)
    x$fpl$dsqrt                              0x08001810   Section      460  dsqrt_noumaal.o(x$fpl$dsqrt)
    x$fpl$f2d                                0x080019dc   Section       86  f2d.o(x$fpl$f2d)
    x$fpl$fadd                               0x08001a34   Section      196  faddsub_clz.o(x$fpl$fadd)
    _fadd1                                   0x08001a43   Thumb Code     0  faddsub_clz.o(x$fpl$fadd)
    x$fpl$fdiv                               0x08001af8   Section      388  fdiv.o(x$fpl$fdiv)
    _fdiv1                                   0x08001af9   Thumb Code     0  fdiv.o(x$fpl$fdiv)
    x$fpl$fmul                               0x08001c7c   Section      258  fmul.o(x$fpl$fmul)
    x$fpl$fnaninf                            0x08001d7e   Section      140  fnaninf.o(x$fpl$fnaninf)
    x$fpl$fretinf                            0x08001e0a   Section       10  fretinf.o(x$fpl$fretinf)
    x$fpl$fsub                               0x08001e14   Section      234  faddsub_clz.o(x$fpl$fsub)
    _fsub1                                   0x08001e23   Thumb Code     0  faddsub_clz.o(x$fpl$fsub)
    x$fpl$usenofp                            0x08001efe   Section        0  usenofp.o(x$fpl$usenofp)
    .data                                    0x20000000   Section       40  main.o(.data)
    .bss                                     0x20000028   Section       96  libspace.o(.bss)
    HEAP                                     0x20000088   Section      512  startup_stm32f10x_md.o(HEAP)
    Heap_Mem                                 0x20000088   Data         512  startup_stm32f10x_md.o(HEAP)
    STACK                                    0x20000288   Section     1024  startup_stm32f10x_md.o(STACK)
    Stack_Mem                                0x20000288   Data        1024  startup_stm32f10x_md.o(STACK)
    __initial_sp                             0x20000688   Data           0  startup_stm32f10x_md.o(STACK)

    Global Symbols

    Symbol Name                              Value     Ov Type        Size  Object(Section)

    BuildAttributes$$THM_ISAv4$P$D$K$B$S$PE$A:L22UL41UL21$X:L11$S22US41US21$IEEE1$IW$USESV6$~STKCKD$USESV7$~SHL$OTIME$ROPI$IEEEJ$EBA8$UX$STANDARDLIB$REQ8$PRES8$EABIv2 0x00000000   Number         0  anon$$obj.o ABSOLUTE
    __ARM_use_no_argv                        0x00000000   Number         0  main.o ABSOLUTE
    __ARM_exceptions_init                     - Undefined Weak Reference
    __alloca_initialize                       - Undefined Weak Reference
    __arm_preinit_                            - Undefined Weak Reference
    __cpp_initialize__aeabi_                  - Undefined Weak Reference
    __cxa_finalize                            - Undefined Weak Reference
    __rt_locale                               - Undefined Weak Reference
    __sigvec_lookup                           - Undefined Weak Reference
    _atexit_init                              - Undefined Weak Reference
    _call_atexit_fns                          - Undefined Weak Reference
    _clock_init                               - Undefined Weak Reference
    _fp_trap_init                             - Undefined Weak Reference
    _fp_trap_shutdown                         - Undefined Weak Reference
    _get_lc_collate                           - Undefined Weak Reference
    _get_lc_ctype                             - Undefined Weak Reference
    _get_lc_monetary                          - Undefined Weak Reference
    _get_lc_numeric                           - Undefined Weak Reference
    _get_lc_time                              - Undefined Weak Reference
    _getenv_init                              - Undefined Weak Reference
    _handle_redirection                       - Undefined Weak Reference
    _init_alloc                               - Undefined Weak Reference
    _init_user_alloc                          - Undefined Weak Reference
    _initio                                   - Undefined Weak Reference
    _printf_post_padding                      - Undefined Weak Reference
    _printf_pre_padding                       - Undefined Weak Reference
    _printf_truncate_signed                   - Undefined Weak Reference
    _printf_truncate_unsigned                 - Undefined Weak Reference
    _rand_init                                - Undefined Weak Reference
    _signal_finish                            - Undefined Weak Reference
    _signal_init                              - Undefined Weak Reference
    _terminate_alloc                          - Undefined Weak Reference
    _terminate_user_alloc                     - Undefined Weak Reference
    _terminateio                              - Undefined Weak Reference
    __Vectors_Size                           0x000000ec   Number         0  startup_stm32f10x_md.o ABSOLUTE
    __Vectors                                0x08000000   Data           4  startup_stm32f10x_md.o(RESET)
    __Vectors_End                            0x080000ec   Data           0  startup_stm32f10x_md.o(RESET)
    __main                                   0x080000ed   Thumb Code     8  __main.o(!!!main)
    __scatterload                            0x080000f5   Thumb Code     0  __scatter.o(!!!scatter)
    __scatterload_rt2                        0x080000f5   Thumb Code    44  __scatter.o(!!!scatter)
    __scatterload_rt2_thumb_only             0x080000f5   Thumb Code     0  __scatter.o(!!!scatter)
    __scatterload_null                       0x08000103   Thumb Code     0  __scatter.o(!!!scatter)
    __scatterload_copy                       0x08000129   Thumb Code    26  __scatter_copy.o(!!handler_copy)
    __scatterload_zeroinit                   0x08000145   Thumb Code    28  __scatter_zi.o(!!handler_zi)
    _printf_d                                0x08000161   Thumb Code     0  _printf_d.o(.ARM.Collect$$_printf_percent$$00000009)
    _printf_percent                          0x08000161   Thumb Code     0  _printf_percent.o(.ARM.Collect$$_printf_percent$$00000000)
    _printf_percent_end                      0x08000167   Thumb Code     0  _printf_percent_end.o(.ARM.Collect$$_printf_percent$$00000017)
    __rt_lib_init                            0x0800016b   Thumb Code     0  libinit.o(.ARM.Collect$$libinit$$00000000)
    __rt_lib_init_alloca_1                   0x0800016d   Thumb Code     0  libinit2.o(.ARM.Collect$$libinit$$0000002E)
    __rt_lib_init_argv_1                     0x0800016d   Thumb Code     0  libinit2.o(.ARM.Collect$$libinit$$0000002C)
    __rt_lib_init_atexit_1                   0x0800016d   Thumb Code     0  libinit2.o(.ARM.Collect$$libinit$$0000001B)
    __rt_lib_init_clock_1                    0x0800016d   Thumb Code     0  libinit2.o(.ARM.Collect$$libinit$$00000021)
    __rt_lib_init_cpp_1                      0x0800016d   Thumb Code     0  libinit2.o(.ARM.Collect$$libinit$$00000032)
    __rt_lib_init_exceptions_1               0x0800016d   Thumb Code     0  libinit2.o(.ARM.Collect$$libinit$$00000030)
    __rt_lib_init_fp_1                       0x0800016d   Thumb Code     0  libinit2.o(.ARM.Collect$$libinit$$00000002)
    __rt_lib_init_fp_trap_1                  0x0800016d   Thumb Code     0  libinit2.o(.ARM.Collect$$libinit$$0000001F)
    __rt_lib_init_getenv_1                   0x0800016d   Thumb Code     0  libinit2.o(.ARM.Collect$$libinit$$00000023)
    __rt_lib_init_heap_1                     0x0800016d   Thumb Code     0  libinit2.o(.ARM.Collect$$libinit$$0000000A)
    __rt_lib_init_lc_collate_1               0x0800016d   Thumb Code     0  libinit2.o(.ARM.Collect$$libinit$$00000011)
    __rt_lib_init_lc_ctype_1                 0x0800016d   Thumb Code     0  libinit2.o(.ARM.Collect$$libinit$$00000013)
    __rt_lib_init_lc_monetary_1              0x0800016d   Thumb Code     0  libinit2.o(.ARM.Collect$$libinit$$00000015)
    __rt_lib_init_lc_numeric_1               0x0800016d   Thumb Code     0  libinit2.o(.ARM.Collect$$libinit$$00000017)
    __rt_lib_init_lc_time_1                  0x0800016d   Thumb Code     0  libinit2.o(.ARM.Collect$$libinit$$00000019)
    __rt_lib_init_preinit_1                  0x0800016d   Thumb Code     0  libinit2.o(.ARM.Collect$$libinit$$00000004)
    __rt_lib_init_rand_1                     0x0800016d   Thumb Code     0  libinit2.o(.ARM.Collect$$libinit$$0000000E)
    __rt_lib_init_return                     0x0800016d   Thumb Code     0  libinit2.o(.ARM.Collect$$libinit$$00000033)
    __rt_lib_init_signal_1                   0x0800016d   Thumb Code     0  libinit2.o(.ARM.Collect$$libinit$$0000001D)
    __rt_lib_init_stdio_1                    0x0800016d   Thumb Code     0  libinit2.o(.ARM.Collect$$libinit$$00000025)
    __rt_lib_init_user_alloc_1               0x0800016d   Thumb Code     0  libinit2.o(.ARM.Collect$$libinit$$0000000C)
    __rt_lib_shutdown                        0x0800016f   Thumb Code     0  libshutdown.o(.ARM.Collect$$libshutdown$$00000000)
    __rt_lib_shutdown_cpp_1                  0x08000171   Thumb Code     0  libshutdown2.o(.ARM.Collect$$libshutdown$$00000002)
    __rt_lib_shutdown_fp_trap_1              0x08000171   Thumb Code     0  libshutdown2.o(.ARM.Collect$$libshutdown$$00000007)
    __rt_lib_shutdown_heap_1                 0x08000171   Thumb Code     0  libshutdown2.o(.ARM.Collect$$libshutdown$$0000000F)
    __rt_lib_shutdown_return                 0x08000171   Thumb Code     0  libshutdown2.o(.ARM.Collect$$libshutdown$$00000010)
    __rt_lib_shutdown_signal_1               0x08000171   Thumb Code     0  libshutdown2.o(.ARM.Collect$$libshutdown$$0000000A)
    __rt_lib_shutdown_stdio_1                0x08000171   Thumb Code     0  libshutdown2.o(.ARM.Collect$$libshutdown$$00000004)
    __rt_lib_shutdown_user_alloc_1           0x08000171   Thumb Code     0  libshutdown2.o(.ARM.Collect$$libshutdown$$0000000C)
    __rt_entry                               0x08000173   Thumb Code     0  __rtentry.o(.ARM.Collect$$rtentry$$00000000)
    __rt_entry_presh_1                       0x08000173   Thumb Code     0  __rtentry2.o(.ARM.Collect$$rtentry$$00000002)
    __rt_entry_sh                            0x08000173   Thumb Code     0  __rtentry4.o(.ARM.Collect$$rtentry$$00000004)
    __rt_entry_li                            0x08000179   Thumb Code     0  __rtentry2.o(.ARM.Collect$$rtentry$$0000000A)
    __rt_entry_postsh_1                      0x08000179   Thumb Code     0  __rtentry2.o(.ARM.Collect$$rtentry$$00000009)
    __rt_entry_main                          0x0800017d   Thumb Code     0  __rtentry2.o(.ARM.Collect$$rtentry$$0000000D)
    __rt_entry_postli_1                      0x0800017d   Thumb Code     0  __rtentry2.o(.ARM.Collect$$rtentry$$0000000C)
    __rt_exit                                0x08000185   Thumb Code     0  rtexit.o(.ARM.Collect$$rtexit$$00000000)
    __rt_exit_ls                             0x08000187   Thumb Code     0  rtexit2.o(.ARM.Collect$$rtexit$$00000003)
    __rt_exit_prels_1                        0x08000187   Thumb Code     0  rtexit2.o(.ARM.Collect$$rtexit$$00000002)
    __rt_exit_exit                           0x0800018b   Thumb Code     0  rtexit2.o(.ARM.Collect$$rtexit$$00000004)
    Reset_Handler                            0x08000191   Thumb Code     8  startup_stm32f10x_md.o(.text)
    NMI_Handler                              0x08000199   Thumb Code     2  startup_stm32f10x_md.o(.text)
    HardFault_Handler                        0x0800019b   Thumb Code     2  startup_stm32f10x_md.o(.text)
    MemManage_Handler                        0x0800019d   Thumb Code     2  startup_stm32f10x_md.o(.text)
    BusFault_Handler                         0x0800019f   Thumb Code     2  startup_stm32f10x_md.o(.text)
    UsageFault_Handler                       0x080001a1   Thumb Code     2  startup_stm32f10x_md.o(.text)
    SVC_Handler                              0x080001a3   Thumb Code     2  startup_stm32f10x_md.o(.text)
    DebugMon_Handler                         0x080001a5   Thumb Code     2  startup_stm32f10x_md.o(.text)
    PendSV_Handler                           0x080001a7   Thumb Code     2  startup_stm32f10x_md.o(.text)
    SysTick_Handler                          0x080001a9   Thumb Code     2  startup_stm32f10x_md.o(.text)
    ADC1_2_IRQHandler                        0x080001ab   Thumb Code     0  startup_stm32f10x_md.o(.text)
    CAN1_RX1_IRQHandler                      0x080001ab   Thumb Code     0  startup_stm32f10x_md.o(.text)
    CAN1_SCE_IRQHandler                      0x080001ab   Thumb Code     0  startup_stm32f10x_md.o(.text)
    DMA1_Channel1_IRQHandler                 0x080001ab   Thumb Code     0  startup_stm32f10x_md.o(.text)
    DMA1_Channel2_IRQHandler                 0x080001ab   Thumb Code     0  startup_stm32f10x_md.o(.text)
    DMA1_Channel3_IRQHandler                 0x080001ab   Thumb Code     0  startup_stm32f10x_md.o(.text)
    DMA1_Channel4_IRQHandler                 0x080001ab   Thumb Code     0  startup_stm32f10x_md.o(.text)
    DMA1_Channel5_IRQHandler                 0x080001ab   Thumb Code     0  startup_stm32f10x_md.o(.text)
    DMA1_Channel6_IRQHandler                 0x080001ab   Thumb Code     0  startup_stm32f10x_md.o(.text)
    DMA1_Channel7_IRQHandler                 0x080001ab   Thumb Code     0  startup_stm32f10x_md.o(.text)
    EXTI15_10_IRQHandler                     0x080001ab   Thumb Code     0  startup_stm32f10x_md.o(.text)
    EXTI2_IRQHandler                         0x080001ab   Thumb Code     0  startup_stm32f10x_md.o(.text)
    EXTI3_IRQHandler                         0x080001ab   Thumb Code     0  startup_stm32f10x_md.o(.text)
    EXTI4_IRQHandler                         0x080001ab   Thumb Code     0  startup_stm32f10x_md.o(.text)
    EXTI9_5_IRQHandler                       0x080001ab   Thumb Code     0  startup_stm32f10x_md.o(.text)
    FLASH_IRQHandler                         0x080001ab   Thumb Code     0  startup_stm32f10x_md.o(.text)
    I2C1_ER_IRQHandler                       0x080001ab   Thumb Code     0  startup_stm32f10x_md.o(.text)
    I2C1_EV_IRQHandler                       0x080001ab   Thumb Code     0  startup_stm32f10x_md.o(.text)
    I2C2_ER_IRQHandler                       0x080001ab   Thumb Code     0  startup_stm32f10x_md.o(.text)
    I2C2_EV_IRQHandler                       0x080001ab   Thumb Code     0  startup_stm32f10x_md.o(.text)
    PVD_IRQHandler                           0x080001ab   Thumb Code     0  startup_stm32f10x_md.o(.text)
    RCC_IRQHandler                           0x080001ab   Thumb Code     0  startup_stm32f10x_md.o(.text)
    RTCAlarm_IRQHandler                      0x080001ab   Thumb Code     0  startup_stm32f10x_md.o(.text)
    RTC_IRQHandler                           0x080001ab   Thumb Code     0  startup_stm32f10x_md.o(.text)
    SPI1_IRQHandler                          0x080001ab   Thumb Code     0  startup_stm32f10x_md.o(.text)
    SPI2_IRQHandler                          0x080001ab   Thumb Code     0  startup_stm32f10x_md.o(.text)
    TAMPER_IRQHandler                        0x080001ab   Thumb Code     0  startup_stm32f10x_md.o(.text)
    TIM1_BRK_IRQHandler                      0x080001ab   Thumb Code     0  startup_stm32f10x_md.o(.text)
    TIM1_CC_IRQHandler                       0x080001ab   Thumb Code     0  startup_stm32f10x_md.o(.text)
    TIM1_TRG_COM_IRQHandler                  0x080001ab   Thumb Code     0  startup_stm32f10x_md.o(.text)
    TIM1_UP_IRQHandler                       0x080001ab   Thumb Code     0  startup_stm32f10x_md.o(.text)
    TIM3_IRQHandler                          0x080001ab   Thumb Code     0  startup_stm32f10x_md.o(.text)
    TIM4_IRQHandler                          0x080001ab   Thumb Code     0  startup_stm32f10x_md.o(.text)
    USART1_IRQHandler                        0x080001ab   Thumb Code     0  startup_stm32f10x_md.o(.text)
    USART2_IRQHandler                        0x080001ab   Thumb Code     0  startup_stm32f10x_md.o(.text)
    USART3_IRQHandler                        0x080001ab   Thumb Code     0  startup_stm32f10x_md.o(.text)
    USBWakeUp_IRQHandler                     0x080001ab   Thumb Code     0  startup_stm32f10x_md.o(.text)
    USB_HP_CAN1_TX_IRQHandler                0x080001ab   Thumb Code     0  startup_stm32f10x_md.o(.text)
    USB_LP_CAN1_RX0_IRQHandler               0x080001ab   Thumb Code     0  startup_stm32f10x_md.o(.text)
    WWDG_IRQHandler                          0x080001ab   Thumb Code     0  startup_stm32f10x_md.o(.text)
    __user_initial_stackheap                 0x080001ad   Thumb Code     0  startup_stm32f10x_md.o(.text)
    __2sprintf                               0x080001d1   Thumb Code    34  noretval__2sprintf.o(.text)
    __printf                                 0x080001f9   Thumb Code   104  __printf.o(.text)
    _printf_int_dec                          0x08000261   Thumb Code   104  _printf_dec.o(.text)
    __use_two_region_memory                  0x080002d9   Thumb Code     2  heapauxi.o(.text)
    __rt_heap_escrow$2region                 0x080002db   Thumb Code     2  heapauxi.o(.text)
    __rt_heap_expand$2region                 0x080002dd   Thumb Code     2  heapauxi.o(.text)
    __read_errno                             0x080002df   Thumb Code    10  _rserrno.o(.text)
    __set_errno                              0x080002e9   Thumb Code    12  _rserrno.o(.text)
    _printf_int_common                       0x080002f5   Thumb Code   178  _printf_intcommon.o(.text)
    _printf_char_common                      0x080003b3   Thumb Code    32  _printf_char_common.o(.text)
    _sputc                                   0x080003d9   Thumb Code    10  _sputc.o(.text)
    __aeabi_errno_addr                       0x080003e5   Thumb Code     8  rt_errno_addr_intlibspace.o(.text)
    __errno$intlibspace                      0x080003e5   Thumb Code     0  rt_errno_addr_intlibspace.o(.text)
    __rt_errno_addr$intlibspace              0x080003e5   Thumb Code     0  rt_errno_addr_intlibspace.o(.text)
    __user_libspace                          0x080003ed   Thumb Code     8  libspace.o(.text)
    __user_perproc_libspace                  0x080003ed   Thumb Code     0  libspace.o(.text)
    __user_perthread_libspace                0x080003ed   Thumb Code     0  libspace.o(.text)
    __user_setup_stackheap                   0x080003f5   Thumb Code    74  sys_stackheap_outer.o(.text)
    exit                                     0x0800043f   Thumb Code    18  exit.o(.text)
    _sys_exit                                0x08000451   Thumb Code     8  sys_exit.o(.text)
    __I$use$semihosting                      0x0800045d   Thumb Code     0  use_no_semi.o(.text)
    __use_no_semihosting_swi                 0x0800045d   Thumb Code     2  use_no_semi.o(.text)
    __semihosting_library_function           0x0800045f   Thumb Code     0  indicate_semi.o(.text)
    DelayMillis                              0x08000461   Thumb Code    30  systick_time.o(i.DelayMillis)
    Delay_ms                                 0x08000485   Thumb Code    20  systick_time.o(i.Delay_ms)
    Delay_us                                 0x08000499   Thumb Code    20  systick_time.o(i.Delay_us)
    Delaymicro                               0x080004ad   Thumb Code    30  systick_time.o(i.Delaymicro)
    EXTI0_IRQHandler                         0x080004cd   Thumb Code    34  main.o(i.EXTI0_IRQHandler)
    EXTI1_IRQHandler                         0x080004f9   Thumb Code    20  main.o(i.EXTI1_IRQHandler)
    I2C_Address                              0x08000515   Thumb Code    38  mpu6050.o(i.I2C_Address)
    I2C_Init                                 0x08000541   Thumb Code    96  mpu6050.o(i.I2C_Init)
    I2C_Read                                 0x080005a9   Thumb Code   268  mpu6050.o(i.I2C_Read)
    I2C_Stop                                 0x080006b9   Thumb Code    14  mpu6050.o(i.I2C_Stop)
    I2C_Write                                0x080006cd   Thumb Code    36  mpu6050.o(i.I2C_Write)
    Init_GPIO                                0x080006f5   Thumb Code   164  gpio_stm32.o(i.Init_GPIO)
    MPU6050_Init                             0x080007a9   Thumb Code    72  mpu6050.o(i.MPU6050_Init)
    MPU6050_Read_Accel                       0x080007f1   Thumb Code   160  mpu6050.o(i.MPU6050_Read_Accel)
    MPU_Read                                 0x08000895   Thumb Code    48  mpu6050.o(i.MPU_Read)
    MPU_Write                                0x080008c5   Thumb Code    36  mpu6050.o(i.MPU_Write)
    PCF8574_add                              0x080008e9   Thumb Code    18  pcf8574_drive.o(i.PCF8574_add)
    PCF8574_tx_byte                          0x080008fb   Thumb Code    36  pcf8574_drive.o(i.PCF8574_tx_byte)
    SystemInit                               0x08000a09   Thumb Code    78  system_stm32f10x.o(i.SystemInit)
    TIM2IRTConfig                            0x08000a69   Thumb Code   150  timer.o(i.TIM2IRTConfig)
    TIM2_IRQHandler                          0x08000b0d   Thumb Code    36  main.o(i.TIM2_IRQHandler)
    W_GP                                     0x08000b39   Thumb Code    66  gpio_stm32.o(i.W_GP)
    counterStep                              0x08000bad   Thumb Code   192  main.o(i.counterStep)
    i2c_Start                                0x08000c99   Thumb Code    40  mpu6050.o(i.i2c_Start)
    i2c_add                                  0x08000cc5   Thumb Code   156  i2c_drive.o(i.i2c_add)
    i2c_data                                 0x08000d69   Thumb Code    80  i2c_drive.o(i.i2c_data)
    i2c_init                                 0x08000dc1   Thumb Code   208  i2c_drive.o(i.i2c_init)
    i2c_start                                0x08000e9d   Thumb Code    68  i2c_drive.o(i.i2c_start)
    i2c_stop                                 0x08000ee9   Thumb Code    14  i2c_drive.o(i.i2c_stop)
    lcd_i2c_cmd                              0x08000efd   Thumb Code   128  lcd_1602.o(i.lcd_i2c_cmd)
    lcd_i2c_data                             0x08000f7d   Thumb Code   128  lcd_1602.o(i.lcd_i2c_data)
    lcd_i2c_init                             0x08000ffd   Thumb Code   294  lcd_1602.o(i.lcd_i2c_init)
    lcd_i2c_msg                              0x08001123   Thumb Code    62  lcd_1602.o(i.lcd_i2c_msg)
    lcd_i2c_send                             0x08001161   Thumb Code    34  lcd_1602.o(i.lcd_i2c_send)
    main                                     0x08001185   Thumb Code   274  main.o(i.main)
    sqrt                                     0x080012c5   Thumb Code    76  sqrt.o(i.sqrt)
    systick_init                             0x08001311   Thumb Code    24  systick_time.o(i.systick_init)
    __aeabi_d2f                              0x08001329   Thumb Code     0  d2f.o(x$fpl$d2f)
    _d2f                                     0x08001329   Thumb Code    98  d2f.o(x$fpl$d2f)
    __fpl_dcmp_Inf                           0x0800138b   Thumb Code    24  dcmpi.o(x$fpl$dcmpinf)
    __aeabi_ddiv                             0x080013a5   Thumb Code     0  ddiv.o(x$fpl$ddiv)
    _ddiv                                    0x080013a5   Thumb Code   552  ddiv.o(x$fpl$ddiv)
    __aeabi_i2d                              0x08001655   Thumb Code     0  dflt_clz.o(x$fpl$dflt)
    _dflt                                    0x08001655   Thumb Code    46  dflt_clz.o(x$fpl$dflt)
    __aeabi_cdcmple                          0x08001685   Thumb Code     0  dleqf.o(x$fpl$dleqf)
    _dcmple                                  0x08001685   Thumb Code   120  dleqf.o(x$fpl$dleqf)
    __fpl_dcmple_InfNaN                      0x080016e7   Thumb Code     0  dleqf.o(x$fpl$dleqf)
    __fpl_dnaninf                            0x080016fd   Thumb Code   156  dnaninf.o(x$fpl$dnaninf)
    __fpl_dretinf                            0x08001799   Thumb Code    12  dretinf.o(x$fpl$dretinf)
    __aeabi_cdrcmple                         0x080017a5   Thumb Code     0  drleqf.o(x$fpl$drleqf)
    _drcmple                                 0x080017a5   Thumb Code   108  drleqf.o(x$fpl$drleqf)
    _dsqrt                                   0x08001811   Thumb Code   456  dsqrt_noumaal.o(x$fpl$dsqrt)
    __aeabi_f2d                              0x080019dd   Thumb Code     0  f2d.o(x$fpl$f2d)
    _f2d                                     0x080019dd   Thumb Code    86  f2d.o(x$fpl$f2d)
    __aeabi_fadd                             0x08001a35   Thumb Code     0  faddsub_clz.o(x$fpl$fadd)
    _fadd                                    0x08001a35   Thumb Code   196  faddsub_clz.o(x$fpl$fadd)
    __aeabi_fdiv                             0x08001af9   Thumb Code     0  fdiv.o(x$fpl$fdiv)
    _fdiv                                    0x08001af9   Thumb Code   384  fdiv.o(x$fpl$fdiv)
    __aeabi_fmul                             0x08001c7d   Thumb Code     0  fmul.o(x$fpl$fmul)
    _fmul                                    0x08001c7d   Thumb Code   258  fmul.o(x$fpl$fmul)
    __fpl_fnaninf                            0x08001d7f   Thumb Code   140  fnaninf.o(x$fpl$fnaninf)
    __fpl_fretinf                            0x08001e0b   Thumb Code    10  fretinf.o(x$fpl$fretinf)
    __aeabi_fsub                             0x08001e15   Thumb Code     0  faddsub_clz.o(x$fpl$fsub)
    _fsub                                    0x08001e15   Thumb Code   234  faddsub_clz.o(x$fpl$fsub)
    __I$use$fp                               0x08001efe   Number         0  usenofp.o(x$fpl$usenofp)
    Region$$Table$$Base                      0x08001f00   Number         0  anon$$obj.o(Region$$Table)
    Region$$Table$$Limit                     0x08001f20   Number         0  anon$$obj.o(Region$$Table)
    accTotal                                 0x20000000   Data           4  main.o(.data)
    accValue                                 0x20000004   Data           4  main.o(.data)
    delta                                    0x20000008   Data           4  main.o(.data)
    Ax                                       0x2000000c   Data           4  main.o(.data)
    Ay                                       0x20000010   Data           4  main.o(.data)
    Az                                       0x20000014   Data           4  main.o(.data)
    signal                                   0x20000018   Data           4  main.o(.data)
    switchState                              0x2000001c   Data           4  main.o(.data)
    prevAcc                                  0x20000020   Data           4  main.o(.data)
    steps                                    0x20000024   Data           4  main.o(.data)
    __libspace_start                         0x20000028   Data          96  libspace.o(.bss)
    __temporary_stack_top$libspace           0x20000088   Data           0  libspace.o(.bss)



==============================================================================

Memory Map of the image

  Image Entry point : 0x08000191

  Load Region LR_1 (Base: 0x08000000, Size: 0x00001f48, Max: 0xffffffff, ABSOLUTE)

    Execution Region ER_RO (Exec base: 0x08000000, Load base: 0x08000000, Size: 0x00001f20, Max: 0xffffffff, ABSOLUTE)

    Exec Addr    Load Addr    Size         Type   Attr      Idx    E Section Name        Object

    0x08000000   0x08000000   0x000000ec   Data   RO          548    RESET               startup_stm32f10x_md.o
    0x080000ec   0x080000ec   0x00000008   Code   RO          633  * !!!main             c_w.l(__main.o)
    0x080000f4   0x080000f4   0x00000034   Code   RO          857    !!!scatter          c_w.l(__scatter.o)
    0x08000128   0x08000128   0x0000001a   Code   RO          859    !!handler_copy      c_w.l(__scatter_copy.o)
    0x08000142   0x08000142   0x00000002   PAD
    0x08000144   0x08000144   0x0000001c   Code   RO          861    !!handler_zi        c_w.l(__scatter_zi.o)
    0x08000160   0x08000160   0x00000000   Code   RO          630    .ARM.Collect$$_printf_percent$$00000000  c_w.l(_printf_percent.o)
    0x08000160   0x08000160   0x00000006   Code   RO          629    .ARM.Collect$$_printf_percent$$00000009  c_w.l(_printf_d.o)
    0x08000166   0x08000166   0x00000004   Code   RO          682    .ARM.Collect$$_printf_percent$$00000017  c_w.l(_printf_percent_end.o)
    0x0800016a   0x0800016a   0x00000002   Code   RO          730    .ARM.Collect$$libinit$$00000000  c_w.l(libinit.o)
    0x0800016c   0x0800016c   0x00000000   Code   RO          734    .ARM.Collect$$libinit$$00000002  c_w.l(libinit2.o)
    0x0800016c   0x0800016c   0x00000000   Code   RO          736    .ARM.Collect$$libinit$$00000004  c_w.l(libinit2.o)
    0x0800016c   0x0800016c   0x00000000   Code   RO          739    .ARM.Collect$$libinit$$0000000A  c_w.l(libinit2.o)
    0x0800016c   0x0800016c   0x00000000   Code   RO          741    .ARM.Collect$$libinit$$0000000C  c_w.l(libinit2.o)
    0x0800016c   0x0800016c   0x00000000   Code   RO          743    .ARM.Collect$$libinit$$0000000E  c_w.l(libinit2.o)
    0x0800016c   0x0800016c   0x00000000   Code   RO          746    .ARM.Collect$$libinit$$00000011  c_w.l(libinit2.o)
    0x0800016c   0x0800016c   0x00000000   Code   RO          748    .ARM.Collect$$libinit$$00000013  c_w.l(libinit2.o)
    0x0800016c   0x0800016c   0x00000000   Code   RO          750    .ARM.Collect$$libinit$$00000015  c_w.l(libinit2.o)
    0x0800016c   0x0800016c   0x00000000   Code   RO          752    .ARM.Collect$$libinit$$00000017  c_w.l(libinit2.o)
    0x0800016c   0x0800016c   0x00000000   Code   RO          754    .ARM.Collect$$libinit$$00000019  c_w.l(libinit2.o)
    0x0800016c   0x0800016c   0x00000000   Code   RO          756    .ARM.Collect$$libinit$$0000001B  c_w.l(libinit2.o)
    0x0800016c   0x0800016c   0x00000000   Code   RO          758    .ARM.Collect$$libinit$$0000001D  c_w.l(libinit2.o)
    0x0800016c   0x0800016c   0x00000000   Code   RO          760    .ARM.Collect$$libinit$$0000001F  c_w.l(libinit2.o)
    0x0800016c   0x0800016c   0x00000000   Code   RO          762    .ARM.Collect$$libinit$$00000021  c_w.l(libinit2.o)
    0x0800016c   0x0800016c   0x00000000   Code   RO          764    .ARM.Collect$$libinit$$00000023  c_w.l(libinit2.o)
    0x0800016c   0x0800016c   0x00000000   Code   RO          766    .ARM.Collect$$libinit$$00000025  c_w.l(libinit2.o)
    0x0800016c   0x0800016c   0x00000000   Code   RO          770    .ARM.Collect$$libinit$$0000002C  c_w.l(libinit2.o)
    0x0800016c   0x0800016c   0x00000000   Code   RO          772    .ARM.Collect$$libinit$$0000002E  c_w.l(libinit2.o)
    0x0800016c   0x0800016c   0x00000000   Code   RO          774    .ARM.Collect$$libinit$$00000030  c_w.l(libinit2.o)
    0x0800016c   0x0800016c   0x00000000   Code   RO          776    .ARM.Collect$$libinit$$00000032  c_w.l(libinit2.o)
    0x0800016c   0x0800016c   0x00000002   Code   RO          777    .ARM.Collect$$libinit$$00000033  c_w.l(libinit2.o)
    0x0800016e   0x0800016e   0x00000002   Code   RO          797    .ARM.Collect$$libshutdown$$00000000  c_w.l(libshutdown.o)
    0x08000170   0x08000170   0x00000000   Code   RO          810    .ARM.Collect$$libshutdown$$00000002  c_w.l(libshutdown2.o)
    0x08000170   0x08000170   0x00000000   Code   RO          812    .ARM.Collect$$libshutdown$$00000004  c_w.l(libshutdown2.o)
    0x08000170   0x08000170   0x00000000   Code   RO          815    .ARM.Collect$$libshutdown$$00000007  c_w.l(libshutdown2.o)
    0x08000170   0x08000170   0x00000000   Code   RO          818    .ARM.Collect$$libshutdown$$0000000A  c_w.l(libshutdown2.o)
    0x08000170   0x08000170   0x00000000   Code   RO          820    .ARM.Collect$$libshutdown$$0000000C  c_w.l(libshutdown2.o)
    0x08000170   0x08000170   0x00000000   Code   RO          823    .ARM.Collect$$libshutdown$$0000000F  c_w.l(libshutdown2.o)
    0x08000170   0x08000170   0x00000002   Code   RO          824    .ARM.Collect$$libshutdown$$00000010  c_w.l(libshutdown2.o)
    0x08000172   0x08000172   0x00000000   Code   RO          673    .ARM.Collect$$rtentry$$00000000  c_w.l(__rtentry.o)
    0x08000172   0x08000172   0x00000000   Code   RO          697    .ARM.Collect$$rtentry$$00000002  c_w.l(__rtentry2.o)
    0x08000172   0x08000172   0x00000006   Code   RO          709    .ARM.Collect$$rtentry$$00000004  c_w.l(__rtentry4.o)
    0x08000178   0x08000178   0x00000000   Code   RO          699    .ARM.Collect$$rtentry$$00000009  c_w.l(__rtentry2.o)
    0x08000178   0x08000178   0x00000004   Code   RO          700    .ARM.Collect$$rtentry$$0000000A  c_w.l(__rtentry2.o)
    0x0800017c   0x0800017c   0x00000000   Code   RO          702    .ARM.Collect$$rtentry$$0000000C  c_w.l(__rtentry2.o)
    0x0800017c   0x0800017c   0x00000008   Code   RO          703    .ARM.Collect$$rtentry$$0000000D  c_w.l(__rtentry2.o)
    0x08000184   0x08000184   0x00000002   Code   RO          731    .ARM.Collect$$rtexit$$00000000  c_w.l(rtexit.o)
    0x08000186   0x08000186   0x00000000   Code   RO          779    .ARM.Collect$$rtexit$$00000002  c_w.l(rtexit2.o)
    0x08000186   0x08000186   0x00000004   Code   RO          780    .ARM.Collect$$rtexit$$00000003  c_w.l(rtexit2.o)
    0x0800018a   0x0800018a   0x00000006   Code   RO          781    .ARM.Collect$$rtexit$$00000004  c_w.l(rtexit2.o)
    0x08000190   0x08000190   0x00000040   Code   RO          549  * .text               startup_stm32f10x_md.o
    0x080001d0   0x080001d0   0x00000028   Code   RO          603    .text               c_w.l(noretval__2sprintf.o)
    0x080001f8   0x080001f8   0x00000068   Code   RO          605    .text               c_w.l(__printf.o)
    0x08000260   0x08000260   0x00000078   Code   RO          607    .text               c_w.l(_printf_dec.o)
    0x080002d8   0x080002d8   0x00000006   Code   RO          631    .text               c_w.l(heapauxi.o)
    0x080002de   0x080002de   0x00000016   Code   RO          674    .text               c_w.l(_rserrno.o)
    0x080002f4   0x080002f4   0x000000b2   Code   RO          676    .text               c_w.l(_printf_intcommon.o)
    0x080003a6   0x080003a6   0x00000002   PAD
    0x080003a8   0x080003a8   0x00000030   Code   RO          678    .text               c_w.l(_printf_char_common.o)
    0x080003d8   0x080003d8   0x0000000a   Code   RO          680    .text               c_w.l(_sputc.o)
    0x080003e2   0x080003e2   0x00000002   PAD
    0x080003e4   0x080003e4   0x00000008   Code   RO          714    .text               c_w.l(rt_errno_addr_intlibspace.o)
    0x080003ec   0x080003ec   0x00000008   Code   RO          718    .text               c_w.l(libspace.o)
    0x080003f4   0x080003f4   0x0000004a   Code   RO          721    .text               c_w.l(sys_stackheap_outer.o)
    0x0800043e   0x0800043e   0x00000012   Code   RO          723    .text               c_w.l(exit.o)
    0x08000450   0x08000450   0x0000000c   Code   RO          789    .text               c_w.l(sys_exit.o)
    0x0800045c   0x0800045c   0x00000002   Code   RO          800    .text               c_w.l(use_no_semi.o)
    0x0800045e   0x0800045e   0x00000000   Code   RO          802    .text               c_w.l(indicate_semi.o)
    0x0800045e   0x0800045e   0x00000002   PAD
    0x08000460   0x08000460   0x00000024   Code   RO          169    i.DelayMillis       systick_time.o
    0x08000484   0x08000484   0x00000014   Code   RO          170    i.Delay_ms          systick_time.o
    0x08000498   0x08000498   0x00000014   Code   RO          171    i.Delay_us          systick_time.o
    0x080004ac   0x080004ac   0x0000001e   Code   RO          172    i.Delaymicro        systick_time.o
    0x080004ca   0x080004ca   0x00000002   PAD
    0x080004cc   0x080004cc   0x0000002c   Code   RO            4    i.EXTI0_IRQHandler  main.o
    0x080004f8   0x080004f8   0x0000001c   Code   RO            5    i.EXTI1_IRQHandler  main.o
    0x08000514   0x08000514   0x0000002c   Code   RO          371    i.I2C_Address       mpu6050.o
    0x08000540   0x08000540   0x00000068   Code   RO          372    i.I2C_Init          mpu6050.o
    0x080005a8   0x080005a8   0x00000110   Code   RO          373    i.I2C_Read          mpu6050.o
    0x080006b8   0x080006b8   0x00000014   Code   RO          374    i.I2C_Stop          mpu6050.o
    0x080006cc   0x080006cc   0x00000028   Code   RO          375    i.I2C_Write         mpu6050.o
    0x080006f4   0x080006f4   0x000000b4   Code   RO          123    i.Init_GPIO         gpio_stm32.o
    0x080007a8   0x080007a8   0x00000048   Code   RO          377    i.MPU6050_Init      mpu6050.o
    0x080007f0   0x080007f0   0x000000a4   Code   RO          378    i.MPU6050_Read_Accel  mpu6050.o
    0x08000894   0x08000894   0x00000030   Code   RO          379    i.MPU_Read          mpu6050.o
    0x080008c4   0x080008c4   0x00000024   Code   RO          380    i.MPU_Write         mpu6050.o
    0x080008e8   0x080008e8   0x00000012   Code   RO          224    i.PCF8574_add       pcf8574_drive.o
    0x080008fa   0x080008fa   0x00000024   Code   RO          225    i.PCF8574_tx_byte   pcf8574_drive.o
    0x0800091e   0x0800091e   0x00000008   Code   RO          556    i.SetSysClock       system_stm32f10x.o
    0x08000926   0x08000926   0x00000002   PAD
    0x08000928   0x08000928   0x000000e0   Code   RO          557    i.SetSysClockTo72   system_stm32f10x.o
    0x08000a08   0x08000a08   0x00000060   Code   RO          559    i.SystemInit        system_stm32f10x.o
    0x08000a68   0x08000a68   0x000000a4   Code   RO          468    i.TIM2IRTConfig     timer.o
    0x08000b0c   0x08000b0c   0x0000002c   Code   RO            6    i.TIM2_IRQHandler   main.o
    0x08000b38   0x08000b38   0x00000050   Code   RO          125    i.W_GP              gpio_stm32.o
    0x08000b88   0x08000b88   0x00000022   Code   RO            7    i.__NVIC_EnableIRQ  main.o
    0x08000baa   0x08000baa   0x00000002   PAD
    0x08000bac   0x08000bac   0x000000ec   Code   RO            8    i.counterStep       main.o
    0x08000c98   0x08000c98   0x0000002c   Code   RO          381    i.i2c_Start         mpu6050.o
    0x08000cc4   0x08000cc4   0x000000a4   Code   RO          260    i.i2c_add           i2c_drive.o
    0x08000d68   0x08000d68   0x00000058   Code   RO          261    i.i2c_data          i2c_drive.o
    0x08000dc0   0x08000dc0   0x000000dc   Code   RO          262    i.i2c_init          i2c_drive.o
    0x08000e9c   0x08000e9c   0x0000004c   Code   RO          264    i.i2c_start         i2c_drive.o
    0x08000ee8   0x08000ee8   0x00000014   Code   RO          265    i.i2c_stop          i2c_drive.o
    0x08000efc   0x08000efc   0x00000080   Code   RO          323    i.lcd_i2c_cmd       lcd_1602.o
    0x08000f7c   0x08000f7c   0x00000080   Code   RO          324    i.lcd_i2c_data      lcd_1602.o
    0x08000ffc   0x08000ffc   0x00000126   Code   RO          325    i.lcd_i2c_init      lcd_1602.o
    0x08001122   0x08001122   0x0000003e   Code   RO          326    i.lcd_i2c_msg       lcd_1602.o
    0x08001160   0x08001160   0x00000022   Code   RO          327    i.lcd_i2c_send      lcd_1602.o
    0x08001182   0x08001182   0x00000002   PAD
    0x08001184   0x08001184   0x00000140   Code   RO            9    i.main              main.o
    0x080012c4   0x080012c4   0x0000004c   Code   RO          666    i.sqrt              m_ws.l(sqrt.o)
    0x08001310   0x08001310   0x00000018   Code   RO          173    i.systick_init      systick_time.o
    0x08001328   0x08001328   0x00000062   Code   RO          635    x$fpl$d2f           fz_ws.l(d2f.o)
    0x0800138a   0x0800138a   0x00000018   Code   RO          683    x$fpl$dcmpinf       fz_ws.l(dcmpi.o)
    0x080013a2   0x080013a2   0x00000002   PAD
    0x080013a4   0x080013a4   0x000002b0   Code   RO          638    x$fpl$ddiv          fz_ws.l(ddiv.o)
    0x08001654   0x08001654   0x0000002e   Code   RO          642    x$fpl$dflt          fz_ws.l(dflt_clz.o)
    0x08001682   0x08001682   0x00000002   PAD
    0x08001684   0x08001684   0x00000078   Code   RO          647    x$fpl$dleqf         fz_ws.l(dleqf.o)
    0x080016fc   0x080016fc   0x0000009c   Code   RO          685    x$fpl$dnaninf       fz_ws.l(dnaninf.o)
    0x08001798   0x08001798   0x0000000c   Code   RO          687    x$fpl$dretinf       fz_ws.l(dretinf.o)
    0x080017a4   0x080017a4   0x0000006c   Code   RO          649    x$fpl$drleqf        fz_ws.l(drleqf.o)
    0x08001810   0x08001810   0x000001cc   Code   RO          689    x$fpl$dsqrt         fz_ws.l(dsqrt_noumaal.o)
    0x080019dc   0x080019dc   0x00000056   Code   RO          651    x$fpl$f2d           fz_ws.l(f2d.o)
    0x08001a32   0x08001a32   0x00000002   PAD
    0x08001a34   0x08001a34   0x000000c4   Code   RO          653    x$fpl$fadd          fz_ws.l(faddsub_clz.o)
    0x08001af8   0x08001af8   0x00000184   Code   RO          660    x$fpl$fdiv          fz_ws.l(fdiv.o)
    0x08001c7c   0x08001c7c   0x00000102   Code   RO          663    x$fpl$fmul          fz_ws.l(fmul.o)
    0x08001d7e   0x08001d7e   0x0000008c   Code   RO          691    x$fpl$fnaninf       fz_ws.l(fnaninf.o)
    0x08001e0a   0x08001e0a   0x0000000a   Code   RO          693    x$fpl$fretinf       fz_ws.l(fretinf.o)
    0x08001e14   0x08001e14   0x000000ea   Code   RO          655    x$fpl$fsub          fz_ws.l(faddsub_clz.o)
    0x08001efe   0x08001efe   0x00000000   Code   RO          695    x$fpl$usenofp       fz_ws.l(usenofp.o)
    0x08001efe   0x08001efe   0x00000002   PAD
    0x08001f00   0x08001f00   0x00000020   Data   RO          855    Region$$Table       anon$$obj.o


    Execution Region ER_RW (Exec base: 0x20000000, Load base: 0x08001f20, Size: 0x00000028, Max: 0xffffffff, ABSOLUTE)

    Exec Addr    Load Addr    Size         Type   Attr      Idx    E Section Name        Object

    0x20000000   0x08001f20   0x00000028   Data   RW           10    .data               main.o


    Execution Region ER_ZI (Exec base: 0x20000028, Load base: 0x08001f48, Size: 0x00000660, Max: 0xffffffff, ABSOLUTE)

    Exec Addr    Load Addr    Size         Type   Attr      Idx    E Section Name        Object

    0x20000028        -       0x00000060   Zero   RW          719    .bss                c_w.l(libspace.o)
    0x20000088        -       0x00000200   Zero   RW          547    HEAP                startup_stm32f10x_md.o
    0x20000288        -       0x00000400   Zero   RW          546    STACK               startup_stm32f10x_md.o


==============================================================================

Image component sizes


      Code (inc. data)   RO Data    RW Data    ZI Data      Debug   Object Name

       260         30          0          0          0       1367   gpio_stm32.o
       568         42          0          0          0       2555   i2c_drive.o
       646          0          0          0          0       2937   lcd_1602.o
       706        116          0         40          0     211033   main.o
       844         36          0          0          0       5462   mpu6050.o
        54          0          0          0          0       1024   pcf8574_drive.o
        64         26        236          0       1536        804   startup_stm32f10x_md.o
       328         28          0          0          0       2045   system_stm32f10x.o
       130          6          0          0          0       2096   systick_time.o
       164         14          0          0          0      25939   timer.o

    ----------------------------------------------------------------------
      3772        298        268         40       1536     255262   Object Totals
         0          0         32          0          0          0   (incl. Generated)
         8          0          0          0          0          0   (incl. Padding)

    ----------------------------------------------------------------------

      Code (inc. data)   RO Data    RW Data    ZI Data      Debug   Library Member Name

         8          0          0          0          0         68   __main.o
       104          0          0          0          0         84   __printf.o
         0          0          0          0          0          0   __rtentry.o
        12          0          0          0          0          0   __rtentry2.o
         6          0          0          0          0          0   __rtentry4.o
        52          8          0          0          0          0   __scatter.o
        26          0          0          0          0          0   __scatter_copy.o
        28          0          0          0          0          0   __scatter_zi.o
        48          6          0          0          0         96   _printf_char_common.o
         6          0          0          0          0          0   _printf_d.o
       120         16          0          0          0         92   _printf_dec.o
       178          0          0          0          0         88   _printf_intcommon.o
         0          0          0          0          0          0   _printf_percent.o
         4          0          0          0          0          0   _printf_percent_end.o
        22          0          0          0          0        100   _rserrno.o
        10          0          0          0          0         68   _sputc.o
        18          0          0          0          0         80   exit.o
         6          0          0          0          0        152   heapauxi.o
         0          0          0          0          0          0   indicate_semi.o
         2          0          0          0          0          0   libinit.o
         2          0          0          0          0          0   libinit2.o
         2          0          0          0          0          0   libshutdown.o
         2          0          0          0          0          0   libshutdown2.o
         8          4          0          0         96         68   libspace.o
        40          6          0          0          0         84   noretval__2sprintf.o
         8          4          0          0          0         68   rt_errno_addr_intlibspace.o
         2          0          0          0          0          0   rtexit.o
        10          0          0          0          0          0   rtexit2.o
        12          4          0          0          0         68   sys_exit.o
        74          0          0          0          0         80   sys_stackheap_outer.o
         2          0          0          0          0         68   use_no_semi.o
        98          4          0          0          0         92   d2f.o
        24          0          0          0          0         68   dcmpi.o
       688        140          0          0          0        208   ddiv.o
        46          0          0          0          0         68   dflt_clz.o
       120          4          0          0          0         92   dleqf.o
       156          4          0          0          0         92   dnaninf.o
        12          0          0          0          0         68   dretinf.o
       108          0          0          0          0         80   drleqf.o
       460         56          0          0          0        120   dsqrt_noumaal.o
        86          4          0          0          0         84   f2d.o
       430          8          0          0          0        168   faddsub_clz.o
       388         76          0          0          0         96   fdiv.o
       258          4          0          0          0         84   fmul.o
       140          4          0          0          0         84   fnaninf.o
        10          0          0          0          0         68   fretinf.o
         0          0          0          0          0          0   usenofp.o
        76          0          0          0          0         84   sqrt.o

    ----------------------------------------------------------------------
      3928        352          0          0         96       2820   Library Totals
        16          0          0          0          0          0   (incl. Padding)

    ----------------------------------------------------------------------

      Code (inc. data)   RO Data    RW Data    ZI Data      Debug   Library Name

       812         48          0          0         96       1264   c_w.l
      3024        304          0          0          0       1472   fz_ws.l
        76          0          0          0          0         84   m_ws.l

    ----------------------------------------------------------------------
      3928        352          0          0         96       2820   Library Totals

    ----------------------------------------------------------------------

==============================================================================


      Code (inc. data)   RO Data    RW Data    ZI Data      Debug   

      7700        650        268         40       1632     254750   Grand Totals
      7700        650        268         40       1632     254750   ELF Image Totals
      7700        650        268         40          0          0   ROM Totals

==============================================================================

    Total RO  Size (Code + RO Data)                 7968 (   7.78kB)
    Total RW  Size (RW Data + ZI Data)              1672 (   1.63kB)
    Total ROM Size (Code + RO Data + RW Data)       8008 (   7.82kB)

==============================================================================

